Archive member included to satisfy reference by file (symbol)

c:/01- embedded systems avr tools/01- imt sdk/imt_sdk_win_64/imt_sdk_win_64/winarm/armgcc/bin/../lib/gcc/arm-none-eabi/7.2.1/../../../../arm-none-eabi/lib/thumb/v7e-m\libg_nano.a(lib_a-errno.o)
                              ./system/src/newlib/_sbrk.o (__errno)
c:/01- embedded systems avr tools/01- imt sdk/imt_sdk_win_64/imt_sdk_win_64/winarm/armgcc/bin/../lib/gcc/arm-none-eabi/7.2.1/../../../../arm-none-eabi/lib/thumb/v7e-m\libg_nano.a(lib_a-impure.o)
                              c:/01- embedded systems avr tools/01- imt sdk/imt_sdk_win_64/imt_sdk_win_64/winarm/armgcc/bin/../lib/gcc/arm-none-eabi/7.2.1/../../../../arm-none-eabi/lib/thumb/v7e-m\libg_nano.a(lib_a-errno.o) (_impure_ptr)
c:/01- embedded systems avr tools/01- imt sdk/imt_sdk_win_64/imt_sdk_win_64/winarm/armgcc/bin/../lib/gcc/arm-none-eabi/7.2.1/../../../../arm-none-eabi/lib/thumb/v7e-m\libg_nano.a(lib_a-strlen.o)
                              ./system/src/diag/Trace.o (strlen)
c:/01- embedded systems avr tools/01- imt sdk/imt_sdk_win_64/imt_sdk_win_64/winarm/armgcc/bin/../lib/gcc/arm-none-eabi/7.2.1/../../../../arm-none-eabi/lib/thumb/v7e-m\libg_nano.a(lib_a-vsnprintf.o)
                              ./system/src/diag/Trace.o (vsnprintf)
c:/01- embedded systems avr tools/01- imt sdk/imt_sdk_win_64/imt_sdk_win_64/winarm/armgcc/bin/../lib/gcc/arm-none-eabi/7.2.1/../../../../arm-none-eabi/lib/thumb/v7e-m\libg_nano.a(lib_a-nano-svfprintf.o)
                              c:/01- embedded systems avr tools/01- imt sdk/imt_sdk_win_64/imt_sdk_win_64/winarm/armgcc/bin/../lib/gcc/arm-none-eabi/7.2.1/../../../../arm-none-eabi/lib/thumb/v7e-m\libg_nano.a(lib_a-vsnprintf.o) (_svfprintf_r)
c:/01- embedded systems avr tools/01- imt sdk/imt_sdk_win_64/imt_sdk_win_64/winarm/armgcc/bin/../lib/gcc/arm-none-eabi/7.2.1/../../../../arm-none-eabi/lib/thumb/v7e-m\libg_nano.a(lib_a-nano-vfprintf_i.o)
                              c:/01- embedded systems avr tools/01- imt sdk/imt_sdk_win_64/imt_sdk_win_64/winarm/armgcc/bin/../lib/gcc/arm-none-eabi/7.2.1/../../../../arm-none-eabi/lib/thumb/v7e-m\libg_nano.a(lib_a-nano-svfprintf.o) (_printf_i)
c:/01- embedded systems avr tools/01- imt sdk/imt_sdk_win_64/imt_sdk_win_64/winarm/armgcc/bin/../lib/gcc/arm-none-eabi/7.2.1/../../../../arm-none-eabi/lib/thumb/v7e-m\libg_nano.a(lib_a-memchr.o)
                              c:/01- embedded systems avr tools/01- imt sdk/imt_sdk_win_64/imt_sdk_win_64/winarm/armgcc/bin/../lib/gcc/arm-none-eabi/7.2.1/../../../../arm-none-eabi/lib/thumb/v7e-m\libg_nano.a(lib_a-nano-svfprintf.o) (memchr)
c:/01- embedded systems avr tools/01- imt sdk/imt_sdk_win_64/imt_sdk_win_64/winarm/armgcc/bin/../lib/gcc/arm-none-eabi/7.2.1/../../../../arm-none-eabi/lib/thumb/v7e-m\libg_nano.a(lib_a-memcpy-stub.o)
                              c:/01- embedded systems avr tools/01- imt sdk/imt_sdk_win_64/imt_sdk_win_64/winarm/armgcc/bin/../lib/gcc/arm-none-eabi/7.2.1/../../../../arm-none-eabi/lib/thumb/v7e-m\libg_nano.a(lib_a-nano-svfprintf.o) (memcpy)
c:/01- embedded systems avr tools/01- imt sdk/imt_sdk_win_64/imt_sdk_win_64/winarm/armgcc/bin/../lib/gcc/arm-none-eabi/7.2.1/../../../../arm-none-eabi/lib/thumb/v7e-m\libg_nano.a(lib_a-memmove.o)
                              c:/01- embedded systems avr tools/01- imt sdk/imt_sdk_win_64/imt_sdk_win_64/winarm/armgcc/bin/../lib/gcc/arm-none-eabi/7.2.1/../../../../arm-none-eabi/lib/thumb/v7e-m\libg_nano.a(lib_a-nano-svfprintf.o) (memmove)
c:/01- embedded systems avr tools/01- imt sdk/imt_sdk_win_64/imt_sdk_win_64/winarm/armgcc/bin/../lib/gcc/arm-none-eabi/7.2.1/../../../../arm-none-eabi/lib/thumb/v7e-m\libg_nano.a(lib_a-nano-freer.o)
                              c:/01- embedded systems avr tools/01- imt sdk/imt_sdk_win_64/imt_sdk_win_64/winarm/armgcc/bin/../lib/gcc/arm-none-eabi/7.2.1/../../../../arm-none-eabi/lib/thumb/v7e-m\libg_nano.a(lib_a-nano-svfprintf.o) (_free_r)
c:/01- embedded systems avr tools/01- imt sdk/imt_sdk_win_64/imt_sdk_win_64/winarm/armgcc/bin/../lib/gcc/arm-none-eabi/7.2.1/../../../../arm-none-eabi/lib/thumb/v7e-m\libg_nano.a(lib_a-nano-mallocr.o)
                              c:/01- embedded systems avr tools/01- imt sdk/imt_sdk_win_64/imt_sdk_win_64/winarm/armgcc/bin/../lib/gcc/arm-none-eabi/7.2.1/../../../../arm-none-eabi/lib/thumb/v7e-m\libg_nano.a(lib_a-nano-svfprintf.o) (_malloc_r)
c:/01- embedded systems avr tools/01- imt sdk/imt_sdk_win_64/imt_sdk_win_64/winarm/armgcc/bin/../lib/gcc/arm-none-eabi/7.2.1/../../../../arm-none-eabi/lib/thumb/v7e-m\libg_nano.a(lib_a-nano-reallocr.o)
                              c:/01- embedded systems avr tools/01- imt sdk/imt_sdk_win_64/imt_sdk_win_64/winarm/armgcc/bin/../lib/gcc/arm-none-eabi/7.2.1/../../../../arm-none-eabi/lib/thumb/v7e-m\libg_nano.a(lib_a-nano-svfprintf.o) (_realloc_r)
[...]
Memory Configuration

Name             Origin             Length             Attributes
RAM              0x20000000         0x00010000         xrw
CCMRAM           0x10000000         0x00000000         xrw
FLASH            0x08000000         0x00040000         xr
FLASHB1          0x00000000         0x00000000         xr
EXTMEMB0         0x00000000         0x00000000         xr
EXTMEMB1         0x00000000         0x00000000         xr
EXTMEMB2         0x00000000         0x00000000         xr
EXTMEMB3         0x00000000         0x00000000         xr
*default*        0x00000000         0xffffffff

Linker script and memory map

LOAD ./system/src/stm32f4-hal/stm32f4xx_hal.o
LOAD ./system/src/stm32f4-hal/stm32f4xx_hal_cortex.o
LOAD ./system/src/stm32f4-hal/stm32f4xx_hal_dfsdm.o
LOAD ./system/src/stm32f4-hal/stm32f4xx_hal_flash.o
LOAD ./system/src/stm32f4-hal/stm32f4xx_hal_gpio.o
LOAD ./system/src/stm32f4-hal/stm32f4xx_hal_iwdg.o
LOAD ./system/src/stm32f4-hal/stm32f4xx_hal_pwr.o
LOAD ./system/src/stm32f4-hal/stm32f4xx_hal_rcc.o
LOAD ./system/src/newlib/_cxx.o
LOAD ./system/src/newlib/_exit.o
LOAD ./system/src/newlib/_sbrk.o
LOAD ./system/src/newlib/_startup.o
LOAD ./system/src/newlib/_syscalls.o
LOAD ./system/src/newlib/assert.o
LOAD ./system/src/diag/Trace.o
LOAD ./system/src/diag/trace_impl.o
LOAD ./system/src/cortexm/_initialize_hardware.o
LOAD ./system/src/cortexm/_reset_hardware.o
LOAD ./system/src/cortexm/exception_handlers.o
LOAD ./system/src/cmsis/system_stm32f4xx.o
LOAD ./system/src/cmsis/vectors_stm32f401xc.o
LOAD ./src/Keypad_prg.o
LOAD ./src/LCD.o
LOAD ./src/LEDMATRIX_prg.o
LOAD ./src/MEXTI_prg.o
LOAD ./src/MGPIO_prg.o
LOAD ./src/MNVIC_prg.o
LOAD ./src/MRCC_prg.o
LOAD ./src/MUART_prg.o
LOAD ./src/SPI_prg.o
LOAD ./src/STK_prg.o
LOAD ./src/SYS_INIT.o
LOAD ./src/Servo_motor.o
LOAD ./src/TFT_prg.o
LOAD ./src/_initialize_hardware.o
LOAD ./src/_write.o
LOAD ./src/main.o
LOAD ./src/stm32f4xx_hal_msp.o
LOAD c:/01- embedded systems avr tools/01- imt sdk/imt_sdk_win_64/imt_sdk_win_64/winarm/armgcc/bin/../lib/gcc/arm-none-eabi/7.2.1/../../../../arm-none-eabi/lib/thumb/v7e-m\libstdc++_nano.a
LOAD c:/01- embedded systems avr tools/01- imt sdk/imt_sdk_win_64/imt_sdk_win_64/winarm/armgcc/bin/../lib/gcc/arm-none-eabi/7.2.1/../../../../arm-none-eabi/lib/thumb/v7e-m\libm.a
START GROUP
LOAD c:/01- embedded systems avr tools/01- imt sdk/imt_sdk_win_64/imt_sdk_win_64/winarm/armgcc/bin/../lib/gcc/arm-none-eabi/7.2.1/thumb/v7e-m\libgcc.a
LOAD c:/01- embedded systems avr tools/01- imt sdk/imt_sdk_win_64/imt_sdk_win_64/winarm/armgcc/bin/../lib/gcc/arm-none-eabi/7.2.1/../../../../arm-none-eabi/lib/thumb/v7e-m\libg_nano.a
LOAD c:/01- embedded systems avr tools/01- imt sdk/imt_sdk_win_64/imt_sdk_win_64/winarm/armgcc/bin/../lib/gcc/arm-none-eabi/7.2.1/../../../../arm-none-eabi/lib/thumb/v7e-m\libc_nano.a
END GROUP
START GROUP
LOAD c:/01- embedded systems avr tools/01- imt sdk/imt_sdk_win_64/imt_sdk_win_64/winarm/armgcc/bin/../lib/gcc/arm-none-eabi/7.2.1/thumb/v7e-m\libgcc.a
LOAD c:/01- embedded systems avr tools/01- imt sdk/imt_sdk_win_64/imt_sdk_win_64/winarm/armgcc/bin/../lib/gcc/arm-none-eabi/7.2.1/../../../../arm-none-eabi/lib/thumb/v7e-m\libc_nano.a
END GROUP
                0x20010000                __stack = (ORIGIN (RAM) + LENGTH (RAM))
                0x20010000                _estack = __stack
                0x00000400                __Main_Stack_Size = 0x400
                [!provide]                PROVIDE (_Main_Stack_Size, __Main_Stack_Size)
                0x2000fc00                __Main_Stack_Limit = (__stack - __Main_Stack_Size)
                [!provide]                PROVIDE (_Main_Stack_Limit, __Main_Stack_Limit)
                0x00000100                _Minimum_Stack_Size = 0x100
                0x20000148                PROVIDE (_Heap_Begin, _end_noinit)
                0x2000fc00                PROVIDE (_Heap_Limit, (__stack - __Main_Stack_Size))

.isr_vector     0x08000000      0x3f4
 FILL mask 0xff
                0x08000000                __vectors_start = ABSOLUTE (.)
                0x08000000                __vectors_start__ = ABSOLUTE (.)
 *(.isr_vector)
 .isr_vector    0x08000000      0x194 ./system/src/cmsis/vectors_stm32f401xc.o
                0x08000000                __isr_vectors
 *(.cfmconfig)
 *(.after_vectors .after_vectors.*)
 .after_vectors
                0x08000194      0x130 ./system/src/newlib/_startup.o
                0x08000194                _start
 .after_vectors
                0x080002c4      0x12c ./system/src/cortexm/exception_handlers.o
                0x080002c4                Reset_Handler
                0x080002ca                NMI_Handler
                0x080002ce                HardFault_Handler
                0x080002e2                HardFault_Handler_C
                0x08000340                MemManage_Handler
                0x08000344                BusFault_Handler
                0x08000358                BusFault_Handler_C
                0x0800038c                UsageFault_Handler
                0x080003a0                UsageFault_Handler_C
                0x080003d4                SVC_Handler
                0x080003d8                DebugMon_Handler
                0x080003dc                PendSV_Handler
                0x080003e0                SysTick_Handler
 .after_vectors
                0x080003f0        0x4 ./system/src/cmsis/vectors_stm32f401xc.o
                0x080003f0                RTC_Alarm_IRQHandler
                0x080003f0                EXTI2_IRQHandler
                0x080003f0                SPI4_IRQHandler
                0x080003f0                TIM1_CC_IRQHandler
                0x080003f0                DMA2_Stream5_IRQHandler
                0x080003f0                DMA1_Stream5_IRQHandler
                0x080003f0                PVD_IRQHandler
                0x080003f0                SDIO_IRQHandler
                0x080003f0                TAMP_STAMP_IRQHandler
                0x080003f0                EXTI3_IRQHandler
                0x080003f0                TIM1_UP_TIM10_IRQHandler
                0x080003f0                I2C3_ER_IRQHandler
                0x080003f0                I2C2_EV_IRQHandler
                0x080003f0                DMA1_Stream2_IRQHandler
                0x080003f0                FPU_IRQHandler
                0x080003f0                DMA2_Stream2_IRQHandler
                0x080003f0                TIM1_BRK_TIM9_IRQHandler
                0x080003f0                DMA2_Stream3_IRQHandler
                0x080003f0                USART6_IRQHandler
                0x080003f0                DMA2_Stream0_IRQHandler
                0x080003f0                TIM4_IRQHandler
                0x080003f0                I2C1_EV_IRQHandler
                0x080003f0                DMA1_Stream6_IRQHandler
                0x080003f0                DMA1_Stream1_IRQHandler
                0x080003f0                TIM3_IRQHandler
                0x080003f0                RCC_IRQHandler
                0x080003f0                Default_Handler
                0x080003f0                EXTI15_10_IRQHandler
                0x080003f0                ADC_IRQHandler
                0x080003f0                DMA1_Stream7_IRQHandler
                0x080003f0                TIM5_IRQHandler
                0x080003f0                DMA2_Stream7_IRQHandler
                0x080003f0                I2C3_EV_IRQHandler
                0x080003f0                EXTI9_5_IRQHandler
                0x080003f0                RTC_WKUP_IRQHandler
                0x080003f0                SPI2_IRQHandler
                0x080003f0                DMA1_Stream0_IRQHandler
                0x080003f0                EXTI4_IRQHandler
                0x080003f0                WWDG_IRQHandler
                0x080003f0                TIM2_IRQHandler
                0x080003f0                OTG_FS_WKUP_IRQHandler
                0x080003f0                TIM1_TRG_COM_TIM11_IRQHandler
                0x080003f0                I2C2_ER_IRQHandler
                0x080003f0                DMA2_Stream1_IRQHandler
                0x080003f0                FLASH_IRQHandler
                0x080003f0                DMA2_Stream4_IRQHandler
                0x080003f0                OTG_FS_IRQHandler
                0x080003f0                SPI3_IRQHandler
                0x080003f0                DMA1_Stream4_IRQHandler
                0x080003f0                I2C1_ER_IRQHandler
                0x080003f0                DMA2_Stream6_IRQHandler
                0x080003f0                DMA1_Stream3_IRQHandler

.inits          0x080003f4       0x28
                0x080003f4                __data_regions_array_start = .
                0x080003f4        0x4 LONG 0x80036f0 LOADADDR (.data)
                0x080003f8        0x4 LONG 0x20000000 ADDR (.data)
                0x080003fc        0x4 LONG 0x2000007c (ADDR (.data) + SIZEOF (.data))
                0x08000400        0x4 LONG 0x80036f0 LOADADDR (.data_CCMRAM)
                0x08000404        0x4 LONG 0x10000000 ADDR (.data_CCMRAM)
                0x08000408        0x4 LONG 0x10000000 (ADDR (.data_CCMRAM) + SIZEOF (.data_CCMRAM))
                0x0800040c                __data_regions_array_end = .
                0x0800040c                __bss_regions_array_start = .
                0x0800040c        0x4 LONG 0x2000007c ADDR (.bss)
                0x08000410        0x4 LONG 0x20000148 (ADDR (.bss) + SIZEOF (.bss))
                0x08000414        0x4 LONG 0x10000000 ADDR (.bss_CCMRAM)
                0x08000418        0x4 LONG 0x10000000 (ADDR (.bss_CCMRAM) + SIZEOF (.bss_CCMRAM))
                0x0800041c                __bss_regions_array_end = .
 *(.init)
 *(.fini)
                0x0800041c                . = ALIGN (0x4)
                0x0800041c                PROVIDE (__preinit_array_start, .)
 *(.preinit_array_sysinit .preinit_array_sysinit.*)
 *(.preinit_array_platform .preinit_array_platform.*)
 *(.preinit_array .preinit_array.*)
                0x0800041c                PROVIDE (__preinit_array_end, .)
                0x0800041c                . = ALIGN (0x4)
                0x0800041c                PROVIDE (__init_array_start, .)
 *(SORT_BY_NAME(.init_array.*))
 *(.init_array)
                0x0800041c                PROVIDE (__init_array_end, .)
                0x0800041c                . = ALIGN (0x4)
                0x0800041c                PROVIDE (__fini_array_start, .)
 *(SORT_BY_NAME(.fini_array.*))
 *(.fini_array)
                0x0800041c                PROVIDE (__fini_array_end, .)

.flashtext
 *(.flashtext .flashtext.*)

.text           0x08000420     0x32cf
 *(.text .text.*)
 .text.HAL_InitTick
                0x08000420       0x2c ./system/src/stm32f4-hal/stm32f4xx_hal.o
                0x08000420                HAL_InitTick
 .text.HAL_Init
                0x0800044c       0x34 ./system/src/stm32f4-hal/stm32f4xx_hal.o
                0x0800044c                HAL_Init
 .text.HAL_GetTick
                0x08000480        0xc ./system/src/stm32f4-hal/stm32f4xx_hal.o
                0x08000480                HAL_GetTick
 .text.HAL_NVIC_SetPriorityGrouping
                0x0800048c       0x3c ./system/src/stm32f4-hal/stm32f4xx_hal_cortex.o
                0x0800048c                HAL_NVIC_SetPriorityGrouping
 .text.HAL_NVIC_SetPriority
                0x080004c8       0x8c ./system/src/stm32f4-hal/stm32f4xx_hal_cortex.o
                0x080004c8                HAL_NVIC_SetPriority
 .text.HAL_SYSTICK_Config
                0x08000554       0x2c ./system/src/stm32f4-hal/stm32f4xx_hal_cortex.o
                0x08000554                HAL_SYSTICK_Config
 .text.HAL_SYSTICK_CLKSourceConfig
                0x08000580       0x3c ./system/src/stm32f4-hal/stm32f4xx_hal_cortex.o
                0x08000580                HAL_SYSTICK_CLKSourceConfig
 .text.HAL_RCC_OscConfig
                0x080005bc      0x43c ./system/src/stm32f4-hal/stm32f4xx_hal_rcc.o
                0x080005bc                HAL_RCC_OscConfig
 .text.HAL_RCC_GetSysClockFreq
                0x080009f8       0x94 ./system/src/stm32f4-hal/stm32f4xx_hal_rcc.o
                0x080009f8                HAL_RCC_GetSysClockFreq
 .text.HAL_RCC_ClockConfig
                0x08000a8c      0x258 ./system/src/stm32f4-hal/stm32f4xx_hal_rcc.o
                0x08000a8c                HAL_RCC_ClockConfig
 .text.HAL_RCC_GetHCLKFreq
                0x08000ce4        0xc ./system/src/stm32f4-hal/stm32f4xx_hal_rcc.o
                0x08000ce4                HAL_RCC_GetHCLKFreq
 .text._exit    0x08000cf0        0x2 ./system/src/newlib/_exit.o
                0x08000cf0                _exit
 *fill*         0x08000cf2        0x2 
 .text.abort    0x08000cf4       0x14 ./system/src/newlib/_exit.o
                0x08000cf4                abort
 .text._sbrk    0x08000d08       0x44 ./system/src/newlib/_sbrk.o
                0x08000d08                _sbrk
 .text.__initialize_args
                0x08000d4c       0x10 ./system/src/newlib/_syscalls.o
                0x08000d4c                __initialize_args
 .text.assert_failed
                0x08000d5c       0x14 ./system/src/newlib/assert.o
                0x08000d5c                assert_failed
 .text.trace_printf
                0x08000d70       0x30 ./system/src/diag/Trace.o
                0x08000d70                trace_printf
 .text.trace_puts
                0x08000da0       0x20 ./system/src/diag/Trace.o
                0x08000da0                trace_puts
 .text._trace_write_semihosting_debug
                0x08000dc0       0x60 ./system/src/diag/trace_impl.o
 .text.trace_write
                0x08000e20        0x8 ./system/src/diag/trace_impl.o
                0x08000e20                trace_write
 .text.__initialize_hardware_early
                0x08000e28       0x18 ./system/src/cortexm/_initialize_hardware.o
                0x08000e28                __initialize_hardware_early
 .text.dumpExceptionStack
                0x08000e40       0xf4 ./system/src/cortexm/exception_handlers.o
                0x08000e40                dumpExceptionStack
 .text.isSemihosting
                0x08000f34       0x20 ./system/src/cortexm/exception_handlers.o
                0x08000f34                isSemihosting
 .text.SystemInit
                0x08000f54       0x40 ./system/src/cmsis/system_stm32f4xx.o
                0x08000f54                SystemInit
 .text.SystemCoreClockUpdate
                0x08000f94       0xa0 ./system/src/cmsis/system_stm32f4xx.o
                0x08000f94                SystemCoreClockUpdate
 .text.keypad_init
                0x08001034       0x90 ./src/Keypad_prg.o
                0x08001034                keypad_init
 .text.keypad_Get_Pressed_Key
                0x080010c4       0x6c ./src/Keypad_prg.o
                0x080010c4                keypad_Get_Pressed_Key
 .text.WriteData_4BIT
                0x08001130      0x130 ./src/LCD.o
 .text.WriteIns_4BIT
                0x08001260      0x130 ./src/LCD.o
 .text.LCD_WriteChar
                0x08001390        0x8 ./src/LCD.o
                0x08001390                LCD_WriteChar
 .text.LCD_WriteString
                0x08001398       0x18 ./src/LCD.o
                0x08001398                LCD_WriteString
 .text.LCD_SetCursor
                0x080013b0       0x1e ./src/LCD.o
                0x080013b0                LCD_SetCursor
 .text.LCD_Clear
                0x080013ce       0x10 ./src/LCD.o
                0x080013ce                LCD_Clear
 *fill*         0x080013de        0x2 
 .text.LCD_WriteNumber
                0x080013e0       0x6c ./src/LCD.o
                0x080013e0                LCD_WriteNumber
 .text.LCD_Init_4BIT
                0x0800144c       0x28 ./src/LCD.o
                0x0800144c                LCD_Init_4BIT
 .text.EXTI0_VoidCallBack
                0x08001474        0xc ./src/MEXTI_prg.o
                0x08001474                EXTI0_VoidCallBack
 .text.EXTI1_VoidCallBack
                0x08001480        0xc ./src/MEXTI_prg.o
                0x08001480                EXTI1_VoidCallBack
 .text.EXTI0_IRQHandler
                0x0800148c       0x1c ./src/MEXTI_prg.o
                0x0800148c                EXTI0_IRQHandler
 .text.EXTI1_IRQHandler
                0x080014a8       0x1c ./src/MEXTI_prg.o
                0x080014a8                EXTI1_IRQHandler
 .text.MEXTI_voidSetTriggerSource
                0x080014c4       0x60 ./src/MEXTI_prg.o
                0x080014c4                MEXTI_voidSetTriggerSource
 .text.MEXTI_voidSetPortExtiCfg
                0x08001524       0x2c ./src/MEXTI_prg.o
                0x08001524                MEXTI_voidSetPortExtiCfg
 .text.MGPIO_SetPinMode
                0x08001550       0x70 ./src/MGPIO_prg.o
                0x08001550                MGPIO_SetPinMode
 .text.MGPIO_SetPinAlterFunc
                0x080015c0       0x98 ./src/MGPIO_prg.o
                0x080015c0                MGPIO_SetPinAlterFunc
 .text.MGPIO_SetOutputPinMode
                0x08001658       0xac ./src/MGPIO_prg.o
                0x08001658                MGPIO_SetOutputPinMode
 .text.MGPIO_SetInputPin
                0x08001704       0x70 ./src/MGPIO_prg.o
                0x08001704                MGPIO_SetInputPin
 .text.MGPIO_SetPinValue
                0x08001774       0x64 ./src/MGPIO_prg.o
                0x08001774                MGPIO_SetPinValue
 .text.MGPIO_TogglePinValue
                0x080017d8       0x64 ./src/MGPIO_prg.o
                0x080017d8                MGPIO_TogglePinValue
 .text.MGPIO_voidGetPinValue
                0x0800183c       0x40 ./src/MGPIO_prg.o
                0x0800183c                MGPIO_voidGetPinValue
 .text.MNVIC_EnableInterrupt
                0x0800187c       0x18 ./src/MNVIC_prg.o
                0x0800187c                MNVIC_EnableInterrupt
 .text.MNVIC_DisablePerInt
                0x08001894       0x1c ./src/MNVIC_prg.o
                0x08001894                MNVIC_DisablePerInt
 .text.MNVIC_u8IsInterruptActive
                0x080018b0       0x1c ./src/MNVIC_prg.o
                0x080018b0                MNVIC_u8IsInterruptActive
 .text.MNVIC_SetIntterruptPriority
                0x080018cc       0x80 ./src/MNVIC_prg.o
                0x080018cc                MNVIC_SetIntterruptPriority
 .text.MNVIC_SetIntterruptGroupMode
                0x0800194c       0x24 ./src/MNVIC_prg.o
                0x0800194c                MNVIC_SetIntterruptGroupMode
 .text.MRCC_InitSysClk
                0x08001970       0x4c ./src/MRCC_prg.o
                0x08001970                MRCC_InitSysClk
 .text.MRCC_vidEnable_Peripheral
                0x080019bc       0x50 ./src/MRCC_prg.o
                0x080019bc                MRCC_vidEnable_Peripheral
 .text.MUSART_voidInit1
                0x08001a0c       0x54 ./src/MUART_prg.o
                0x08001a0c                MUSART_voidInit1
 .text.MUART_voidEnable
                0x08001a60       0x1c ./src/MUART_prg.o
                0x08001a60                MUART_voidEnable
 .text.MUART_voidCallBack
                0x08001a7c        0xc ./src/MUART_prg.o
                0x08001a7c                MUART_voidCallBack
 .text.USART1_IRQHandler
                0x08001a88       0x10 ./src/MUART_prg.o
                0x08001a88                USART1_IRQHandler
 .text.MUSART_voidTransmitChar
                0x08001a98       0x20 ./src/MUART_prg.o
                0x08001a98                MUSART_voidTransmitChar
 .text.UART_READ_DATA
                0x08001ab8       0x18 ./src/MUART_prg.o
                0x08001ab8                UART_READ_DATA
 .text.MUSART_voidInit2
                0x08001ad0       0x5c ./src/MUART_prg.o
                0x08001ad0                MUSART_voidInit2
 .text.UART2_READ_DATA
                0x08001b2c       0x18 ./src/MUART_prg.o
                0x08001b2c                UART2_READ_DATA
 .text.MUART2_voidCallBack
                0x08001b44        0xc ./src/MUART_prg.o
                0x08001b44                MUART2_voidCallBack
 .text.USART2_IRQHandler
                0x08001b50       0x10 ./src/MUART_prg.o
                0x08001b50                USART2_IRQHandler
 .text.SPI1_IRQHandler
                0x08001b60       0x10 ./src/SPI_prg.o
                0x08001b60                SPI1_IRQHandler
 .text.MSTK_voidInit
                0x08001b70       0x10 ./src/STK_prg.o
                0x08001b70                MSTK_voidInit
 .text.MSTK_voidIntState
                0x08001b80       0x24 ./src/STK_prg.o
                0x08001b80                MSTK_voidIntState
 .text.MSTK_voidStart
                0x08001ba4       0x18 ./src/STK_prg.o
                0x08001ba4                MSTK_voidStart
 .text.MSTK_u8ReadFlag
                0x08001bbc       0x10 ./src/STK_prg.o
                0x08001bbc                MSTK_u8ReadFlag
 .text.MSTK_voidDelayMsec
                0x08001bcc       0x20 ./src/STK_prg.o
                0x08001bcc                MSTK_voidDelayMsec
 .text.USER1    0x08001bec       0x58 ./src/SYS_INIT.o
                0x08001bec                USER1
 .text.USER2    0x08001c44       0x90 ./src/SYS_INIT.o
                0x08001c44                USER2
 .text.USER3    0x08001cd4      0x190 ./src/SYS_INIT.o
                0x08001cd4                USER3
 .text.ADMIN_STATE
                0x08001e64       0x48 ./src/SYS_INIT.o
                0x08001e64                ADMIN_STATE
 .text.MUART_RUNNABLE
                0x08001eac       0x60 ./src/SYS_INIT.o
                0x08001eac                MUART_RUNNABLE
 .text.EXTI_INIT
                0x08001f0c       0xbc ./src/SYS_INIT.o
                0x08001f0c                EXTI_INIT
 .text.SYS_INIT
                0x08001fc8       0x48 ./src/SYS_INIT.o
                0x08001fc8                SYS_INIT
 .text.ENTERY_LED_ON
                0x08002010       0x24 ./src/SYS_INIT.o
                0x08002010                ENTERY_LED_ON
 .text.ENTERY_LED_OFF
                0x08002034       0x24 ./src/SYS_INIT.o
                0x08002034                ENTERY_LED_OFF
 .text.EXIT_LED_ON
                0x08002058       0x24 ./src/SYS_INIT.o
                0x08002058                EXIT_LED_ON
 .text.EXIT_LED_OFF
                0x0800207c       0x24 ./src/SYS_INIT.o
                0x0800207c                EXIT_LED_OFF
 .text.Servo1_Entry_Gate_Init
                0x080020a0       0x1a ./src/Servo_motor.o
                0x080020a0                Servo1_Entry_Gate_Init
 .text.Servo1_Entry_Gate
                0x080020ba       0x48 ./src/Servo_motor.o
                0x080020ba                Servo1_Entry_Gate
 .text.Servo2_Exit_Gate_Init
                0x08002102       0x1a ./src/Servo_motor.o
                0x08002102                Servo2_Exit_Gate_Init
 .text.Servo2_Exit_Gate
                0x0800211c       0x48 ./src/Servo_motor.o
                0x0800211c                Servo2_Exit_Gate
 .text.SystemClock_Config
                0x08002164       0x98 ./src/_initialize_hardware.o
                0x08002164                SystemClock_Config
 .text.__initialize_hardware
                0x080021fc       0x10 ./src/_initialize_hardware.o
                0x080021fc                __initialize_hardware
 .text.main     0x0800220c       0x14 ./src/main.o
                0x0800220c                main
 .text.ENTER_GATE
                0x08002220      0x45c ./src/main.o
                0x08002220                ENTER_GATE
 .text.SERVO_ENTER
                0x0800267c       0x18 ./src/main.o
                0x0800267c                SERVO_ENTER
 .text.EXIT_GATE
                0x08002694      0x424 ./src/main.o
                0x08002694                EXIT_GATE
 .text.SERVO_EXIT
                0x08002ab8       0x18 ./src/main.o
                0x08002ab8                SERVO_EXIT
 .text.HAL_MspInit
                0x08002ad0        0x2 ./src/stm32f4xx_hal_msp.o
                0x08002ad0                HAL_MspInit
 *fill*         0x08002ad2        0x2 
 .text.__errno  0x08002ad4        0xc c:/01- embedded systems avr tools/01- imt sdk/imt_sdk_win_64/imt_sdk_win_64/winarm/armgcc/bin/../lib/gcc/arm-none-eabi/7.2.1/../../../../arm-none-eabi/lib/thumb/v7e-m\libg_nano.a(lib_a-errno.o)
                0x08002ad4                __errno
 .text          0x08002ae0       0x10 c:/01- embedded systems avr tools/01- imt sdk/imt_sdk_win_64/imt_sdk_win_64/winarm/armgcc/bin/../lib/gcc/arm-none-eabi/7.2.1/../../../../arm-none-eabi/lib/thumb/v7e-m\libg_nano.a(lib_a-strlen.o)
                0x08002ae0                strlen
 .text._vsnprintf_r
                0x08002af0       0x58 c:/01- embedded systems avr tools/01- imt sdk/imt_sdk_win_64/imt_sdk_win_64/winarm/armgcc/bin/../lib/gcc/arm-none-eabi/7.2.1/../../../../arm-none-eabi/lib/thumb/v7e-m\libg_nano.a(lib_a-vsnprintf.o)
                0x08002af0                _vsniprintf_r
                0x08002af0                _vsnprintf_r
 .text.vsnprintf
                0x08002b48       0x1c c:/01- embedded systems avr tools/01- imt sdk/imt_sdk_win_64/imt_sdk_win_64/winarm/armgcc/bin/../lib/gcc/arm-none-eabi/7.2.1/../../../../arm-none-eabi/lib/thumb/v7e-m\libg_nano.a(lib_a-vsnprintf.o)
                0x08002b48                vsniprintf
                0x08002b48                vsnprintf
 .text.__ssputs_r
                0x08002b64       0xb4 c:/01- embedded systems avr tools/01- imt sdk/imt_sdk_win_64/imt_sdk_win_64/winarm/armgcc/bin/../lib/gcc/arm-none-eabi/7.2.1/../../../../arm-none-eabi/lib/thumb/v7e-m\libg_nano.a(lib_a-nano-svfprintf.o)
                0x08002b64                __ssputs_r
 .text._svfprintf_r
                0x08002c18      0x1ec c:/01- embedded systems avr tools/01- imt sdk/imt_sdk_win_64/imt_sdk_win_64/winarm/armgcc/bin/../lib/gcc/arm-none-eabi/7.2.1/../../../../arm-none-eabi/lib/thumb/v7e-m\libg_nano.a(lib_a-nano-svfprintf.o)
                0x08002c18                _svfiprintf_r
                0x08002c18                _svfprintf_r
 .text._printf_common
                0x08002e04       0xea c:/01- embedded systems avr tools/01- imt sdk/imt_sdk_win_64/imt_sdk_win_64/winarm/armgcc/bin/../lib/gcc/arm-none-eabi/7.2.1/../../../../arm-none-eabi/lib/thumb/v7e-m\libg_nano.a(lib_a-nano-vfprintf_i.o)
                0x08002e04                _printf_common
 *fill*         0x08002eee        0x2 
 .text._printf_i
                0x08002ef0      0x224 c:/01- embedded systems avr tools/01- imt sdk/imt_sdk_win_64/imt_sdk_win_64/winarm/armgcc/bin/../lib/gcc/arm-none-eabi/7.2.1/../../../../arm-none-eabi/lib/thumb/v7e-m\libg_nano.a(lib_a-nano-vfprintf_i.o)
                0x08002ef0                _printf_i
 *fill*         0x08003114        0xc 
 .text          0x08003120       0xa0 c:/01- embedded systems avr tools/01- imt sdk/imt_sdk_win_64/imt_sdk_win_64/winarm/armgcc/bin/../lib/gcc/arm-none-eabi/7.2.1/../../../../arm-none-eabi/lib/thumb/v7e-m\libg_nano.a(lib_a-memchr.o)
                0x08003120                memchr
 .text.memcpy   0x080031c0       0x16 c:/01- embedded systems avr tools/01- imt sdk/imt_sdk_win_64/imt_sdk_win_64/winarm/armgcc/bin/../lib/gcc/arm-none-eabi/7.2.1/../../../../arm-none-eabi/lib/thumb/v7e-m\libg_nano.a(lib_a-memcpy-stub.o)
                0x080031c0                memcpy
 .text.memmove  0x080031d6       0x32 c:/01- embedded systems avr tools/01- imt sdk/imt_sdk_win_64/imt_sdk_win_64/winarm/armgcc/bin/../lib/gcc/arm-none-eabi/7.2.1/../../../../arm-none-eabi/lib/thumb/v7e-m\libg_nano.a(lib_a-memmove.o)
                0x080031d6                memmove
 .text._free_r  0x08003208       0x9c c:/01- embedded systems avr tools/01- imt sdk/imt_sdk_win_64/imt_sdk_win_64/winarm/armgcc/bin/../lib/gcc/arm-none-eabi/7.2.1/../../../../arm-none-eabi/lib/thumb/v7e-m\libg_nano.a(lib_a-nano-freer.o)
                0x08003208                _free_r
 .text._malloc_r
                0x080032a4       0xb4 c:/01- embedded systems avr tools/01- imt sdk/imt_sdk_win_64/imt_sdk_win_64/winarm/armgcc/bin/../lib/gcc/arm-none-eabi/7.2.1/../../../../arm-none-eabi/lib/thumb/v7e-m\libg_nano.a(lib_a-nano-mallocr.o)
                0x080032a4                _malloc_r
 .text._realloc_r
                0x08003358       0x4c c:/01- embedded systems avr tools/01- imt sdk/imt_sdk_win_64/imt_sdk_win_64/winarm/armgcc/bin/../lib/gcc/arm-none-eabi/7.2.1/../../../../arm-none-eabi/lib/thumb/v7e-m\libg_nano.a(lib_a-nano-reallocr.o)
                0x08003358                _realloc_r
 .text._sbrk_r  0x080033a4       0x20 c:/01- embedded systems avr tools/01- imt sdk/imt_sdk_win_64/imt_sdk_win_64/winarm/armgcc/bin/../lib/gcc/arm-none-eabi/7.2.1/../../../../arm-none-eabi/lib/thumb/v7e-m\libg_nano.a(lib_a-sbrkr.o)
                0x080033a4                _sbrk_r
 .text.__malloc_lock
                0x080033c4        0x2 c:/01- embedded systems avr tools/01- imt sdk/imt_sdk_win_64/imt_sdk_win_64/winarm/armgcc/bin/../lib/gcc/arm-none-eabi/7.2.1/../../../../arm-none-eabi/lib/thumb/v7e-m\libg_nano.a(lib_a-mlock.o)
                0x080033c4                __malloc_lock
 .text.__malloc_unlock
                0x080033c6        0x2 c:/01- embedded systems avr tools/01- imt sdk/imt_sdk_win_64/imt_sdk_win_64/winarm/armgcc/bin/../lib/gcc/arm-none-eabi/7.2.1/../../../../arm-none-eabi/lib/thumb/v7e-m\libg_nano.a(lib_a-mlock.o)
                0x080033c6                __malloc_unlock
 .text._malloc_usable_size_r
                0x080033c8       0x10 c:/01- embedded systems avr tools/01- imt sdk/imt_sdk_win_64/imt_sdk_win_64/winarm/armgcc/bin/../lib/gcc/arm-none-eabi/7.2.1/../../../../arm-none-eabi/lib/thumb/v7e-m\libg_nano.a(lib_a-nano-msizer.o)
                0x080033c8                _malloc_usable_size_r
 *(.rodata .rodata.* .constdata .constdata.*)
 .rodata.HAL_NVIC_SetPriorityGrouping.str1.4
                0x080033d8       0x31 ./system/src/stm32f4-hal/stm32f4xx_hal_cortex.o
 *fill*         0x08003409        0x3 
 .rodata.APBAHBPrescTable
                0x0800340c       0x10 ./system/src/stm32f4-hal/stm32f4xx_hal_rcc.o
                0x0800340c                APBAHBPrescTable
 .rodata.HAL_RCC_OscConfig.str1.4
                0x0800341c       0x2e ./system/src/stm32f4-hal/stm32f4xx_hal_rcc.o
 *fill*         0x0800344a        0x2 
 .rodata.abort.str1.4
                0x0800344c       0x14 ./system/src/newlib/_exit.o
 .rodata.assert_failed.str1.4
                0x08003460       0x2b ./system/src/newlib/assert.o
 .rodata.trace_puts.str1.4
                0x0800348b       0x2b ./system/src/diag/Trace.o
                                  0x2 (size before relaxing)
 *fill*         0x0800348b        0x1 
 .rodata.dumpExceptionStack.str1.4
                0x0800348c      0x11a ./system/src/cortexm/exception_handlers.o
 *fill*         0x080035a6        0x2 
 .rodata.str1.4
                0x080035a8       0x2a ./system/src/cortexm/exception_handlers.o
 *fill*         0x080035d2        0x2 
 .rodata.AHBPrescTable
                0x080035d4       0x10 ./system/src/cmsis/system_stm32f4xx.o
                0x080035d4                AHBPrescTable
 .rodata.Keypad_Buttons
                0x080035e4        0xc ./src/Keypad_prg.o
 .rodata.ADMIN_STATE.str1.4
                0x080035f0       0x12 ./src/SYS_INIT.o
 *fill*         0x08003602        0x2 
 .rodata.USER1.str1.4
                0x08003604       0x1c ./src/SYS_INIT.o
 .rodata.USER2.str1.4
                0x08003620       0x1d ./src/SYS_INIT.o
 *fill*         0x0800363d        0x3 
 .rodata.USER3.str1.4
                0x08003640       0x3c ./src/SYS_INIT.o
 .rodata.ENTER_GATE.str1.4
                0x0800367c       0x2f ./src/main.o
                                 0x3f (size before relaxing)
 *fill*         0x080036ab        0x1 
 .rodata.EXIT_GATE.str1.4
                0x080036ac       0x10 ./src/main.o
                                  0xf (size before relaxing)
 .rodata._svfprintf_r.str1.1
                0x080036bc       0x11 c:/01- embedded systems avr tools/01- imt sdk/imt_sdk_win_64/imt_sdk_win_64/winarm/armgcc/bin/../lib/gcc/arm-none-eabi/7.2.1/../../../../arm-none-eabi/lib/thumb/v7e-m\libg_nano.a(lib_a-nano-svfprintf.o)
 .rodata._printf_i.str1.1
                0x080036cd       0x22 c:/01- embedded systems avr tools/01- imt sdk/imt_sdk_win_64/imt_sdk_win_64/winarm/armgcc/bin/../lib/gcc/arm-none-eabi/7.2.1/../../../../arm-none-eabi/lib/thumb/v7e-m\libg_nano.a(lib_a-nano-vfprintf_i.o)
 *(vtable)
 *(.eh_frame*)
 *(.glue_7)
 .glue_7        0x080036ef        0x0 linker stubs
 *(.glue_7t)
 .glue_7t       0x080036ef        0x0 linker stubs

.vfp11_veneer   0x080036f0        0x0
 .vfp11_veneer  0x080036f0        0x0 linker stubs

.v4_bx          0x080036f0        0x0
 .v4_bx         0x080036f0        0x0 linker stubs

.iplt           0x080036f0        0x0
 .iplt          0x080036f0        0x0 ./system/src/stm32f4-hal/stm32f4xx_hal.o

.rel.dyn        0x080036f0        0x0
 .rel.iplt      0x080036f0        0x0 ./system/src/stm32f4-hal/stm32f4xx_hal.o

.ARM.extab
 *(.ARM.extab* .gnu.linkonce.armextab.*)
                0x080036f0                . = ALIGN (0x4)
                0x080036f0                __exidx_start = .

.ARM.exidx
 *(.ARM.exidx* .gnu.linkonce.armexidx.*)
                0x080036f0                __exidx_end = .
                0x080036f0                . = ALIGN (0x4)
                0x080036f0                _etext = .
                0x080036f0                __etext = .

.data_CCMRAM    0x10000000        0x0 load address 0x080036f0
 FILL mask 0xff
 *(.data.CCMRAM .data.CCMRAM.*)
                0x10000000                . = ALIGN (0x4)
                0x080036f0                _sidata = LOADADDR (.data)

.data           0x20000000       0x7c load address 0x080036f0
 FILL mask 0xff
                0x20000000                _sdata = .
                0x20000000                __data_start__ = .
 *(.data_begin .data_begin.*)
 .data_begin    0x20000000        0x4 ./system/src/newlib/_startup.o
 *(.data .data.*)
 .data.argv.4310
                0x20000004        0x8 ./system/src/newlib/_syscalls.o
 .data.SystemCoreClock
                0x2000000c        0x4 ./system/src/cmsis/system_stm32f4xx.o
                0x2000000c                SystemCoreClock
 .data.space    0x20000010        0x4 ./src/main.o
                0x20000010                space
 .data._impure_ptr
                0x20000014        0x4 c:/01- embedded systems avr tools/01- imt sdk/imt_sdk_win_64/imt_sdk_win_64/winarm/armgcc/bin/../lib/gcc/arm-none-eabi/7.2.1/../../../../arm-none-eabi/lib/thumb/v7e-m\libg_nano.a(lib_a-impure.o)
                0x20000014                _impure_ptr
 .data.impure_data
                0x20000018       0x60 c:/01- embedded systems avr tools/01- imt sdk/imt_sdk_win_64/imt_sdk_win_64/winarm/armgcc/bin/../lib/gcc/arm-none-eabi/7.2.1/../../../../arm-none-eabi/lib/thumb/v7e-m\libg_nano.a(lib_a-impure.o)
 *(.data_end .data_end.*)
 .data_end      0x20000078        0x4 ./system/src/newlib/_startup.o
                0x2000007c                . = ALIGN (0x4)
                0x2000007c                _edata = .
                0x2000007c                __data_end__ = .

.igot.plt       0x2000007c        0x0 load address 0x0800376c
 .igot.plt      0x2000007c        0x0 ./system/src/stm32f4-hal/stm32f4xx_hal.o

.bss_CCMRAM     0x10000000        0x0
 *(.bss.CCMRAM .bss.CCMRAM.*)

.bss            0x2000007c       0xcc
                0x2000007c                __bss_start__ = .
                0x2000007c                _sbss = .
 *(.bss_begin .bss_begin.*)
 .bss_begin     0x2000007c        0x4 ./system/src/newlib/_startup.o
 *(.bss .bss.*)
 .bss.current_heap_end.3961
                0x20000080        0x4 ./system/src/newlib/_sbrk.o
 .bss.name.4309
                0x20000084        0x1 ./system/src/newlib/_syscalls.o
 *fill*         0x20000085        0x3 
 .bss.buf.5205  0x20000088       0x80 ./system/src/diag/Trace.o
 .bss.EXTI0_CallBack
                0x20000108        0x4 ./src/MEXTI_prg.o
 .bss.EXTI1_CallBack
                0x2000010c        0x4 ./src/MEXTI_prg.o
 .bss.MUART2_CALLPTR
                0x20000110        0x4 ./src/MUART_prg.o
                0x20000110                MUART2_CALLPTR
 .bss.MUART_CALLPTR
                0x20000114        0x4 ./src/MUART_prg.o
                0x20000114                MUART_CALLPTR
 .bss.SPI1_CALLBACK_PTR
                0x20000118        0x4 ./src/SPI_prg.o
 .bss.user1     0x2000011c        0x1 ./src/SYS_INIT.o
                0x2000011c                user1
 .bss.user2     0x2000011d        0x1 ./src/SYS_INIT.o
                0x2000011d                user2
 .bss.user3     0x2000011e        0x1 ./src/SYS_INIT.o
                0x2000011e                user3
 .bss.user1_flag
                0x2000011f        0x1 ./src/main.o
                0x2000011f                user1_flag
 .bss.user2_flag
                0x20000120        0x1 ./src/main.o
                0x20000120                user2_flag
 .bss.user3_flag
                0x20000121        0x1 ./src/main.o
                0x20000121                user3_flag
 *fill*         0x20000122        0x2 
 .bss.__malloc_free_list
                0x20000124        0x4 c:/01- embedded systems avr tools/01- imt sdk/imt_sdk_win_64/imt_sdk_win_64/winarm/armgcc/bin/../lib/gcc/arm-none-eabi/7.2.1/../../../../arm-none-eabi/lib/thumb/v7e-m\libg_nano.a(lib_a-nano-mallocr.o)
                0x20000124                __malloc_free_list
 .bss.__malloc_sbrk_start
                0x20000128        0x4 c:/01- embedded systems avr tools/01- imt sdk/imt_sdk_win_64/imt_sdk_win_64/winarm/armgcc/bin/../lib/gcc/arm-none-eabi/7.2.1/../../../../arm-none-eabi/lib/thumb/v7e-m\libg_nano.a(lib_a-nano-mallocr.o)
                0x20000128                __malloc_sbrk_start
 *(COMMON)
 COMMON         0x2000012c        0x4 ./system/src/stm32f4-hal/stm32f4xx_hal.o
                0x2000012c                uwTick
 COMMON         0x20000130        0x4 ./system/src/newlib/_syscalls.o
                0x20000130                errno
 COMMON         0x20000134        0x1 ./src/MNVIC_prg.o
                0x20000134                Global_u8PRI
 *fill*         0x20000135        0x3 
 COMMON         0x20000138        0xa ./src/main.o
                0x20000138                arr
                0x20000139                user
                0x2000013c                entire
                0x20000140                motionsenser
                0x20000141                user70
 *(.bss_end .bss_end.*)
 *fill*         0x20000142        0x2 
 .bss_end       0x20000144        0x4 ./system/src/newlib/_startup.o
                0x20000148                . = ALIGN (0x4)
                0x20000148                __bss_end__ = .
                0x20000148                _ebss = .

.noinit_CCMRAM
 *(.noinit.CCMRAM .noinit.CCMRAM.*)

.noinit         0x20000148        0x0
                0x20000148                _noinit = .
 *(.noinit .noinit.*)
                0x20000148                . = ALIGN (0x4)
                0x20000148                _end_noinit = .
                [!provide]                PROVIDE (end, _end_noinit)
                [!provide]                PROVIDE (_end, _end_noinit)
                [!provide]                PROVIDE (__end, _end_noinit)
                [!provide]                PROVIDE (__end__, _end_noinit)

._check_stack   0x20000148      0x100
                0x20000248                . = (. + _Minimum_Stack_Size)
 *fill*         0x20000148      0x100 

.b1text
 *(.b1text)
 *(.b1rodata)
 *(.b1rodata.*)

.eb0text
 *(.eb0text)
 *(.eb0rodata)
 *(.eb0rodata.*)

.eb1text
 *(.eb1text)
 *(.eb1rodata)
 *(.eb1rodata.*)

.eb2text
 *(.eb2text)
 *(.eb2rodata)
 *(.eb2rodata.*)

.eb3text
 *(.eb3text)
 *(.eb3rodata)
 *(.eb3rodata.*)

.stab
 *(.stab)

.stabstr
 *(.stabstr)

.stab.excl
 *(.stab.excl)

.stab.exclstr
 *(.stab.exclstr)

.stab.index
 *(.stab.index)

.stab.indexstr
 *(.stab.indexstr)

.comment        0x00000000       0x7e
 *(.comment)
 .comment       0x00000000       0x7e ./system/src/stm32f4-hal/stm32f4xx_hal.o
                                 0x7f (size before relaxing)
 .comment       0x0000007e       0x7f ./system/src/stm32f4-hal/stm32f4xx_hal_cortex.o
 .comment       0x0000007e       0x7f ./system/src/stm32f4-hal/stm32f4xx_hal_rcc.o
 .comment       0x0000007e       0x7f ./system/src/newlib/_exit.o
 .comment       0x0000007e       0x7f ./system/src/newlib/_sbrk.o
 .comment       0x0000007e       0x7f ./system/src/newlib/_startup.o
 .comment       0x0000007e       0x7f ./system/src/newlib/_syscalls.o
 .comment       0x0000007e       0x7f ./system/src/newlib/assert.o
 .comment       0x0000007e       0x7f ./system/src/diag/Trace.o
 .comment       0x0000007e       0x7f ./system/src/diag/trace_impl.o
 .comment       0x0000007e       0x7f ./system/src/cortexm/_initialize_hardware.o
 .comment       0x0000007e       0x7f ./system/src/cortexm/exception_handlers.o
 .comment       0x0000007e       0x7f ./system/src/cmsis/system_stm32f4xx.o
 .comment       0x0000007e       0x7f ./system/src/cmsis/vectors_stm32f401xc.o
 .comment       0x0000007e       0x7f ./src/Keypad_prg.o
 .comment       0x0000007e       0x7f ./src/LCD.o
 .comment       0x0000007e       0x7f ./src/MEXTI_prg.o
 .comment       0x0000007e       0x7f ./src/MGPIO_prg.o
 .comment       0x0000007e       0x7f ./src/MNVIC_prg.o
 .comment       0x0000007e       0x7f ./src/MRCC_prg.o
 .comment       0x0000007e       0x7f ./src/MUART_prg.o
 .comment       0x0000007e       0x7f ./src/SPI_prg.o
 .comment       0x0000007e       0x7f ./src/STK_prg.o
 .comment       0x0000007e       0x7f ./src/SYS_INIT.o
 .comment       0x0000007e       0x7f ./src/Servo_motor.o
 .comment       0x0000007e       0x7f ./src/_initialize_hardware.o
 .comment       0x0000007e       0x7f ./src/main.o
 .comment       0x0000007e       0x7f ./src/stm32f4xx_hal_msp.o

.ARM.attributes
                0x00000000       0x31
 .ARM.attributes
                0x00000000       0x33 ./system/src/stm32f4-hal/stm32f4xx_hal.o
 .ARM.attributes
                0x00000033       0x33 ./system/src/stm32f4-hal/stm32f4xx_hal_cortex.o
 .ARM.attributes
                0x00000066       0x33 ./system/src/stm32f4-hal/stm32f4xx_hal_rcc.o
 .ARM.attributes
                0x00000099       0x33 ./system/src/newlib/_exit.o
 .ARM.attributes
                0x000000cc       0x33 ./system/src/newlib/_sbrk.o
 .ARM.attributes
                0x000000ff       0x33 ./system/src/newlib/_startup.o
 .ARM.attributes
                0x00000132       0x33 ./system/src/newlib/_syscalls.o
 .ARM.attributes
                0x00000165       0x33 ./system/src/newlib/assert.o
 .ARM.attributes
                0x00000198       0x33 ./system/src/diag/Trace.o
 .ARM.attributes
                0x000001cb       0x33 ./system/src/diag/trace_impl.o
 .ARM.attributes
                0x000001fe       0x33 ./system/src/cortexm/_initialize_hardware.o
 .ARM.attributes
                0x00000231       0x33 ./system/src/cortexm/exception_handlers.o
 .ARM.attributes
                0x00000264       0x33 ./system/src/cmsis/system_stm32f4xx.o
 .ARM.attributes
                0x00000297       0x33 ./system/src/cmsis/vectors_stm32f401xc.o
 .ARM.attributes
                0x000002ca       0x33 ./src/Keypad_prg.o
 .ARM.attributes
                0x000002fd       0x33 ./src/LCD.o
 .ARM.attributes
                0x00000330       0x33 ./src/MEXTI_prg.o
 .ARM.attributes
                0x00000363       0x33 ./src/MGPIO_prg.o
 .ARM.attributes
                0x00000396       0x33 ./src/MNVIC_prg.o
 .ARM.attributes
                0x000003c9       0x33 ./src/MRCC_prg.o
 .ARM.attributes
                0x000003fc       0x33 ./src/MUART_prg.o
 .ARM.attributes
                0x0000042f       0x33 ./src/SPI_prg.o
 .ARM.attributes
                0x00000462       0x33 ./src/STK_prg.o
 .ARM.attributes
                0x00000495       0x33 ./src/SYS_INIT.o
 .ARM.attributes
                0x000004c8       0x33 ./src/Servo_motor.o
 .ARM.attributes
                0x000004fb       0x33 ./src/_initialize_hardware.o
 .ARM.attributes
                0x0000052e       0x33 ./src/main.o
 .ARM.attributes
                0x00000561       0x33 ./src/stm32f4xx_hal_msp.o
 .ARM.attributes
                0x00000594       0x2e c:/01- embedded systems avr tools/01- imt sdk/imt_sdk_win_64/imt_sdk_win_64/winarm/armgcc/bin/../lib/gcc/arm-none-eabi/7.2.1/../../../../arm-none-eabi/lib/thumb/v7e-m\libg_nano.a(lib_a-errno.o)
 .ARM.attributes
                0x000005c2       0x2e c:/01- embedded systems avr tools/01- imt sdk/imt_sdk_win_64/imt_sdk_win_64/winarm/armgcc/bin/../lib/gcc/arm-none-eabi/7.2.1/../../../../arm-none-eabi/lib/thumb/v7e-m\libg_nano.a(lib_a-impure.o)
 .ARM.attributes
                0x000005f0       0x17 c:/01- embedded systems avr tools/01- imt sdk/imt_sdk_win_64/imt_sdk_win_64/winarm/armgcc/bin/../lib/gcc/arm-none-eabi/7.2.1/../../../../arm-none-eabi/lib/thumb/v7e-m\libg_nano.a(lib_a-strlen.o)
 .ARM.attributes
                0x00000607       0x2e c:/01- embedded systems avr tools/01- imt sdk/imt_sdk_win_64/imt_sdk_win_64/winarm/armgcc/bin/../lib/gcc/arm-none-eabi/7.2.1/../../../../arm-none-eabi/lib/thumb/v7e-m\libg_nano.a(lib_a-vsnprintf.o)
 .ARM.attributes
                0x00000635       0x2e c:/01- embedded systems avr tools/01- imt sdk/imt_sdk_win_64/imt_sdk_win_64/winarm/armgcc/bin/../lib/gcc/arm-none-eabi/7.2.1/../../../../arm-none-eabi/lib/thumb/v7e-m\libg_nano.a(lib_a-nano-svfprintf.o)
 .ARM.attributes
                0x00000663       0x2e c:/01- embedded systems avr tools/01- imt sdk/imt_sdk_win_64/imt_sdk_win_64/winarm/armgcc/bin/../lib/gcc/arm-none-eabi/7.2.1/../../../../arm-none-eabi/lib/thumb/v7e-m\libg_nano.a(lib_a-nano-vfprintf_i.o)
 .ARM.attributes
                0x00000691       0x1c c:/01- embedded systems avr tools/01- imt sdk/imt_sdk_win_64/imt_sdk_win_64/winarm/armgcc/bin/../lib/gcc/arm-none-eabi/7.2.1/../../../../arm-none-eabi/lib/thumb/v7e-m\libg_nano.a(lib_a-memchr.o)
 .ARM.attributes
                0x000006ad       0x2e c:/01- embedded systems avr tools/01- imt sdk/imt_sdk_win_64/imt_sdk_win_64/winarm/armgcc/bin/../lib/gcc/arm-none-eabi/7.2.1/../../../../arm-none-eabi/lib/thumb/v7e-m\libg_nano.a(lib_a-memcpy-stub.o)
 .ARM.attributes
                0x000006db       0x2e c:/01- embedded systems avr tools/01- imt sdk/imt_sdk_win_64/imt_sdk_win_64/winarm/armgcc/bin/../lib/gcc/arm-none-eabi/7.2.1/../../../../arm-none-eabi/lib/thumb/v7e-m\libg_nano.a(lib_a-memmove.o)
 .ARM.attributes
                0x00000709       0x2e c:/01- embedded systems avr tools/01- imt sdk/imt_sdk_win_64/imt_sdk_win_64/winarm/armgcc/bin/../lib/gcc/arm-none-eabi/7.2.1/../../../../arm-none-eabi/lib/thumb/v7e-m\libg_nano.a(lib_a-nano-freer.o)
 .ARM.attributes
                0x00000737       0x2e c:/01- embedded systems avr tools/01- imt sdk/imt_sdk_win_64/imt_sdk_win_64/winarm/armgcc/bin/../lib/gcc/arm-none-eabi/7.2.1/../../../../arm-none-eabi/lib/thumb/v7e-m\libg_nano.a(lib_a-nano-mallocr.o)
 .ARM.attributes
                0x00000765       0x2e c:/01- embedded systems avr tools/01- imt sdk/imt_sdk_win_64/imt_sdk_win_64/winarm/armgcc/bin/../lib/gcc/arm-none-eabi/7.2.1/../../../../arm-none-eabi/lib/thumb/v7e-m\libg_nano.a(lib_a-nano-reallocr.o)
 .ARM.attributes
                0x00000793       0x2e c:/01- embedded systems avr tools/01- imt sdk/imt_sdk_win_64/imt_sdk_win_64/winarm/armgcc/bin/../lib/gcc/arm-none-eabi/7.2.1/../../../../arm-none-eabi/lib/thumb/v7e-m\libg_nano.a(lib_a-sbrkr.o)
 .ARM.attributes
                0x000007c1       0x2e c:/01- embedded systems avr tools/01- imt sdk/imt_sdk_win_64/imt_sdk_win_64/winarm/armgcc/bin/../lib/gcc/arm-none-eabi/7.2.1/../../../../arm-none-eabi/lib/thumb/v7e-m\libg_nano.a(lib_a-mlock.o)
 .ARM.attributes
                0x000007ef       0x2e c:/01- embedded systems avr tools/01- imt sdk/imt_sdk_win_64/imt_sdk_win_64/winarm/armgcc/bin/../lib/gcc/arm-none-eabi/7.2.1/../../../../arm-none-eabi/lib/thumb/v7e-m\libg_nano.a(lib_a-nano-msizer.o)

.debug
 *(.debug)

.line
 *(.line)

.debug_srcinfo
 *(.debug_srcinfo)

.debug_sfnames
 *(.debug_sfnames)

.debug_aranges  0x00000000      0x8a8
 *(.debug_aranges)
 .debug_aranges
                0x00000000       0xc0 ./system/src/stm32f4-hal/stm32f4xx_hal.o
 .debug_aranges
                0x000000c0       0x98 ./system/src/stm32f4-hal/stm32f4xx_hal_cortex.o
 .debug_aranges
                0x00000158       0x88 ./system/src/stm32f4-hal/stm32f4xx_hal_rcc.o
 .debug_aranges
                0x000001e0       0x28 ./system/src/newlib/_exit.o
 .debug_aranges
                0x00000208       0x20 ./system/src/newlib/_sbrk.o
 .debug_aranges
                0x00000228       0x40 ./system/src/newlib/_startup.o
 .debug_aranges
                0x00000268       0x30 ./system/src/newlib/_syscalls.o
 .debug_aranges
                0x00000298       0x28 ./system/src/newlib/assert.o
 .debug_aranges
                0x000002c0       0x38 ./system/src/diag/Trace.o
 .debug_aranges
                0x000002f8       0x30 ./system/src/diag/trace_impl.o
 .debug_aranges
                0x00000328       0x28 ./system/src/cortexm/_initialize_hardware.o
 .debug_aranges
                0x00000350       0x90 ./system/src/cortexm/exception_handlers.o
 .debug_aranges
                0x000003e0       0x28 ./system/src/cmsis/system_stm32f4xx.o
 .debug_aranges
                0x00000408       0x20 ./system/src/cmsis/vectors_stm32f401xc.o
 .debug_aranges
                0x00000428       0x28 ./src/Keypad_prg.o
 .debug_aranges
                0x00000450       0x90 ./src/LCD.o
 .debug_aranges
                0x000004e0       0x60 ./src/MEXTI_prg.o
 .debug_aranges
                0x00000540       0x68 ./src/MGPIO_prg.o
 .debug_aranges
                0x000005a8       0x50 ./src/MNVIC_prg.o
 .debug_aranges
                0x000005f8       0x30 ./src/MRCC_prg.o
 .debug_aranges
                0x00000628       0x98 ./src/MUART_prg.o
 .debug_aranges
                0x000006c0       0x38 ./src/SPI_prg.o
 .debug_aranges
                0x000006f8       0x68 ./src/STK_prg.o
 .debug_aranges
                0x00000760       0x70 ./src/SYS_INIT.o
 .debug_aranges
                0x000007d0       0x38 ./src/Servo_motor.o
 .debug_aranges
                0x00000808       0x28 ./src/_initialize_hardware.o
 .debug_aranges
                0x00000830       0x40 ./src/main.o
 .debug_aranges
                0x00000870       0x38 ./src/stm32f4xx_hal_msp.o

.debug_pubnames
 *(.debug_pubnames)

.debug_info     0x00000000    0x11d8d
 *(.debug_info .gnu.linkonce.wi.*)
 .debug_info    0x00000000     0x107e ./system/src/stm32f4-hal/stm32f4xx_hal.o
 .debug_info    0x0000107e     0x1863 ./system/src/stm32f4-hal/stm32f4xx_hal_cortex.o
 .debug_info    0x000028e1     0x177e ./system/src/stm32f4-hal/stm32f4xx_hal_rcc.o
 .debug_info    0x0000405f      0x956 ./system/src/newlib/_exit.o
 .debug_info    0x000049b5      0x942 ./system/src/newlib/_sbrk.o
 .debug_info    0x000052f7      0x4bf ./system/src/newlib/_startup.o
 .debug_info    0x000057b6      0xa19 ./system/src/newlib/_syscalls.o
 .debug_info    0x000061cf      0x9ff ./system/src/newlib/assert.o
 .debug_info    0x00006bce      0xb2a ./system/src/diag/Trace.o
 .debug_info    0x000076f8      0xb6b ./system/src/diag/trace_impl.o
 .debug_info    0x00008263      0xade ./system/src/cortexm/_initialize_hardware.o
 .debug_info    0x00008d41     0x115a ./system/src/cortexm/exception_handlers.o
 .debug_info    0x00009e9b      0xcfe ./system/src/cmsis/system_stm32f4xx.o
 .debug_info    0x0000ab99       0xca ./system/src/cmsis/vectors_stm32f401xc.o
 .debug_info    0x0000ac63      0x330 ./src/Keypad_prg.o
 .debug_info    0x0000af93     0x12a2 ./src/LCD.o
 .debug_info    0x0000c235      0x347 ./src/MEXTI_prg.o
 .debug_info    0x0000c57c      0x38e ./src/MGPIO_prg.o
 .debug_info    0x0000c90a      0x3b5 ./src/MNVIC_prg.o
 .debug_info    0x0000ccbf      0x2c8 ./src/MRCC_prg.o
 .debug_info    0x0000cf87      0x37f ./src/MUART_prg.o
 .debug_info    0x0000d306      0x260 ./src/SPI_prg.o
 .debug_info    0x0000d566      0x26f ./src/STK_prg.o
 .debug_info    0x0000d7d5      0xed8 ./src/SYS_INIT.o
 .debug_info    0x0000e6ad      0x2cd ./src/Servo_motor.o
 .debug_info    0x0000e97a      0xd34 ./src/_initialize_hardware.o
 .debug_info    0x0000f6ae     0x1dd0 ./src/main.o
 .debug_info    0x0001147e      0x90f ./src/stm32f4xx_hal_msp.o

.debug_abbrev   0x00000000     0x343a
 *(.debug_abbrev)
 .debug_abbrev  0x00000000      0x32b ./system/src/stm32f4-hal/stm32f4xx_hal.o
 .debug_abbrev  0x0000032b      0x3f1 ./system/src/stm32f4-hal/stm32f4xx_hal_cortex.o
 .debug_abbrev  0x0000071c      0x394 ./system/src/stm32f4-hal/stm32f4xx_hal_rcc.o
 .debug_abbrev  0x00000ab0      0x1f3 ./system/src/newlib/_exit.o
 .debug_abbrev  0x00000ca3      0x1fc ./system/src/newlib/_sbrk.o
 .debug_abbrev  0x00000e9f      0x1cb ./system/src/newlib/_startup.o
 .debug_abbrev  0x0000106a      0x234 ./system/src/newlib/_syscalls.o
 .debug_abbrev  0x0000129e      0x1f3 ./system/src/newlib/assert.o
 .debug_abbrev  0x00001491      0x276 ./system/src/diag/Trace.o
 .debug_abbrev  0x00001707      0x2ef ./system/src/diag/trace_impl.o
 .debug_abbrev  0x000019f6      0x1de ./system/src/cortexm/_initialize_hardware.o
 .debug_abbrev  0x00001bd4      0x32b ./system/src/cortexm/exception_handlers.o
 .debug_abbrev  0x00001eff      0x216 ./system/src/cmsis/system_stm32f4xx.o
 .debug_abbrev  0x00002115       0x9d ./system/src/cmsis/vectors_stm32f401xc.o
 .debug_abbrev  0x000021b2       0xca ./src/Keypad_prg.o
 .debug_abbrev  0x0000227c      0x170 ./src/LCD.o
 .debug_abbrev  0x000023ec      0x130 ./src/MEXTI_prg.o
 .debug_abbrev  0x0000251c       0xeb ./src/MGPIO_prg.o
 .debug_abbrev  0x00002607      0x146 ./src/MNVIC_prg.o
 .debug_abbrev  0x0000274d       0xa8 ./src/MRCC_prg.o
 .debug_abbrev  0x000027f5      0x227 ./src/MUART_prg.o
 .debug_abbrev  0x00002a1c      0x127 ./src/SPI_prg.o
 .debug_abbrev  0x00002b43      0x12e ./src/STK_prg.o
 .debug_abbrev  0x00002c71       0xf3 ./src/SYS_INIT.o
 .debug_abbrev  0x00002d64       0x8d ./src/Servo_motor.o
 .debug_abbrev  0x00002df1      0x22d ./src/_initialize_hardware.o
 .debug_abbrev  0x0000301e      0x26b ./src/main.o
 .debug_abbrev  0x00003289      0x1b1 ./src/stm32f4xx_hal_msp.o

.debug_line     0x00000000     0x9a41
 *(.debug_line)
 .debug_line    0x00000000      0xc1c ./system/src/stm32f4-hal/stm32f4xx_hal.o
 .debug_line    0x00000c1c      0xd13 ./system/src/stm32f4-hal/stm32f4xx_hal_cortex.o
 .debug_line    0x0000192f      0xe9e ./system/src/stm32f4-hal/stm32f4xx_hal_rcc.o
 .debug_line    0x000027cd      0x3df ./system/src/newlib/_exit.o
 .debug_line    0x00002bac      0x393 ./system/src/newlib/_sbrk.o
 .debug_line    0x00002f3f      0x45b ./system/src/newlib/_startup.o
 .debug_line    0x0000339a      0x4cd ./system/src/newlib/_syscalls.o
 .debug_line    0x00003867      0x41a ./system/src/newlib/assert.o
 .debug_line    0x00003c81      0x45b ./system/src/diag/Trace.o
 .debug_line    0x000040dc      0xb4f ./system/src/diag/trace_impl.o
 .debug_line    0x00004c2b      0xab8 ./system/src/cortexm/_initialize_hardware.o
 .debug_line    0x000056e3      0xc06 ./system/src/cortexm/exception_handlers.o
 .debug_line    0x000062e9      0xabe ./system/src/cmsis/system_stm32f4xx.o
 .debug_line    0x00006da7      0x126 ./system/src/cmsis/vectors_stm32f401xc.o
 .debug_line    0x00006ecd       0xc5 ./src/Keypad_prg.o
 .debug_line    0x00006f92      0x28f ./src/LCD.o
 .debug_line    0x00007221      0x146 ./src/MEXTI_prg.o
 .debug_line    0x00007367      0x1ab ./src/MGPIO_prg.o
 .debug_line    0x00007512      0x100 ./src/MNVIC_prg.o
 .debug_line    0x00007612       0xd8 ./src/MRCC_prg.o
 .debug_line    0x000076ea      0x1fe ./src/MUART_prg.o
 .debug_line    0x000078e8       0xf4 ./src/SPI_prg.o
 .debug_line    0x000079dc      0x147 ./src/STK_prg.o
 .debug_line    0x00007b23      0x265 ./src/SYS_INIT.o
 .debug_line    0x00007d88       0xd6 ./src/Servo_motor.o
 .debug_line    0x00007e5e      0xab1 ./src/_initialize_hardware.o
 .debug_line    0x0000890f      0x680 ./src/main.o
 .debug_line    0x00008f8f      0xab2 ./src/stm32f4xx_hal_msp.o

.debug_frame    0x00000000     0x14d0
 *(.debug_frame)
 .debug_frame   0x00000000      0x188 ./system/src/stm32f4-hal/stm32f4xx_hal.o
 .debug_frame   0x00000188      0x17c ./system/src/stm32f4-hal/stm32f4xx_hal_cortex.o
 .debug_frame   0x00000304      0x140 ./system/src/stm32f4-hal/stm32f4xx_hal_rcc.o
 .debug_frame   0x00000444       0x38 ./system/src/newlib/_exit.o
 .debug_frame   0x0000047c       0x28 ./system/src/newlib/_sbrk.o
 .debug_frame   0x000004a4       0x7c ./system/src/newlib/_startup.o
 .debug_frame   0x00000520       0x50 ./system/src/newlib/_syscalls.o
 .debug_frame   0x00000570       0x40 ./system/src/newlib/assert.o
 .debug_frame   0x000005b0       0x94 ./system/src/diag/Trace.o
 .debug_frame   0x00000644       0x64 ./system/src/diag/trace_impl.o
 .debug_frame   0x000006a8       0x40 ./system/src/cortexm/_initialize_hardware.o
 .debug_frame   0x000006e8      0x158 ./system/src/cortexm/exception_handlers.o
 .debug_frame   0x00000840       0x30 ./system/src/cmsis/system_stm32f4xx.o
 .debug_frame   0x00000870       0x20 ./system/src/cmsis/vectors_stm32f401xc.o
 .debug_frame   0x00000890       0x48 ./src/Keypad_prg.o
 .debug_frame   0x000008d8      0x194 ./src/LCD.o
 .debug_frame   0x00000a6c       0xbc ./src/MEXTI_prg.o
 .debug_frame   0x00000b28       0xf0 ./src/MGPIO_prg.o
 .debug_frame   0x00000c18       0x80 ./src/MNVIC_prg.o
 .debug_frame   0x00000c98       0x40 ./src/MRCC_prg.o
 .debug_frame   0x00000cd8      0x150 ./src/MUART_prg.o
 .debug_frame   0x00000e28       0x60 ./src/SPI_prg.o
 .debug_frame   0x00000e88       0xcc ./src/STK_prg.o
 .debug_frame   0x00000f54      0x118 ./src/SYS_INIT.o
 .debug_frame   0x0000106c       0x70 ./src/Servo_motor.o
 .debug_frame   0x000010dc       0x4c ./src/_initialize_hardware.o
 .debug_frame   0x00001128       0x90 ./src/main.o
 .debug_frame   0x000011b8       0x50 ./src/stm32f4xx_hal_msp.o
 .debug_frame   0x00001208       0x20 c:/01- embedded systems avr tools/01- imt sdk/imt_sdk_win_64/imt_sdk_win_64/winarm/armgcc/bin/../lib/gcc/arm-none-eabi/7.2.1/../../../../arm-none-eabi/lib/thumb/v7e-m\libg_nano.a(lib_a-errno.o)
 .debug_frame   0x00001228       0x4c c:/01- embedded systems avr tools/01- imt sdk/imt_sdk_win_64/imt_sdk_win_64/winarm/armgcc/bin/../lib/gcc/arm-none-eabi/7.2.1/../../../../arm-none-eabi/lib/thumb/v7e-m\libg_nano.a(lib_a-vsnprintf.o)
 .debug_frame   0x00001274       0x90 c:/01- embedded systems avr tools/01- imt sdk/imt_sdk_win_64/imt_sdk_win_64/winarm/armgcc/bin/../lib/gcc/arm-none-eabi/7.2.1/../../../../arm-none-eabi/lib/thumb/v7e-m\libg_nano.a(lib_a-nano-svfprintf.o)
 .debug_frame   0x00001304       0x60 c:/01- embedded systems avr tools/01- imt sdk/imt_sdk_win_64/imt_sdk_win_64/winarm/armgcc/bin/../lib/gcc/arm-none-eabi/7.2.1/../../../../arm-none-eabi/lib/thumb/v7e-m\libg_nano.a(lib_a-nano-vfprintf_i.o)
 .debug_frame   0x00001364       0x28 c:/01- embedded systems avr tools/01- imt sdk/imt_sdk_win_64/imt_sdk_win_64/winarm/armgcc/bin/../lib/gcc/arm-none-eabi/7.2.1/../../../../arm-none-eabi/lib/thumb/v7e-m\libg_nano.a(lib_a-memcpy-stub.o)
 .debug_frame   0x0000138c       0x28 c:/01- embedded systems avr tools/01- imt sdk/imt_sdk_win_64/imt_sdk_win_64/winarm/armgcc/bin/../lib/gcc/arm-none-eabi/7.2.1/../../../../arm-none-eabi/lib/thumb/v7e-m\libg_nano.a(lib_a-memmove.o)
 .debug_frame   0x000013b4       0x38 c:/01- embedded systems avr tools/01- imt sdk/imt_sdk_win_64/imt_sdk_win_64/winarm/armgcc/bin/../lib/gcc/arm-none-eabi/7.2.1/../../../../arm-none-eabi/lib/thumb/v7e-m\libg_nano.a(lib_a-nano-freer.o)
 .debug_frame   0x000013ec       0x2c c:/01- embedded systems avr tools/01- imt sdk/imt_sdk_win_64/imt_sdk_win_64/winarm/armgcc/bin/../lib/gcc/arm-none-eabi/7.2.1/../../../../arm-none-eabi/lib/thumb/v7e-m\libg_nano.a(lib_a-nano-mallocr.o)
 .debug_frame   0x00001418       0x3c c:/01- embedded systems avr tools/01- imt sdk/imt_sdk_win_64/imt_sdk_win_64/winarm/armgcc/bin/../lib/gcc/arm-none-eabi/7.2.1/../../../../arm-none-eabi/lib/thumb/v7e-m\libg_nano.a(lib_a-nano-reallocr.o)
 .debug_frame   0x00001454       0x2c c:/01- embedded systems avr tools/01- imt sdk/imt_sdk_win_64/imt_sdk_win_64/winarm/armgcc/bin/../lib/gcc/arm-none-eabi/7.2.1/../../../../arm-none-eabi/lib/thumb/v7e-m\libg_nano.a(lib_a-sbrkr.o)
 .debug_frame   0x00001480       0x30 c:/01- embedded systems avr tools/01- imt sdk/imt_sdk_win_64/imt_sdk_win_64/winarm/armgcc/bin/../lib/gcc/arm-none-eabi/7.2.1/../../../../arm-none-eabi/lib/thumb/v7e-m\libg_nano.a(lib_a-mlock.o)
 .debug_frame   0x000014b0       0x20 c:/01- embedded systems avr tools/01- imt sdk/imt_sdk_win_64/imt_sdk_win_64/winarm/armgcc/bin/../lib/gcc/arm-none-eabi/7.2.1/../../../../arm-none-eabi/lib/thumb/v7e-m\libg_nano.a(lib_a-nano-msizer.o)

.debug_str      0x00000000    0x75ab9
 *(.debug_str)
 .debug_str     0x00000000    0x6fc75 ./system/src/stm32f4-hal/stm32f4xx_hal.o
                              0x700a9 (size before relaxing)
 .debug_str     0x0006fc75      0x396 ./system/src/stm32f4-hal/stm32f4xx_hal_cortex.o
                              0x6ff13 (size before relaxing)
 .debug_str     0x0007000b      0x3fa ./system/src/stm32f4-hal/stm32f4xx_hal_rcc.o
                              0x6fc2b (size before relaxing)
 .debug_str     0x00070405     0x10ff ./system/src/newlib/_exit.o
                               0x7f0a (size before relaxing)
 .debug_str     0x00071504      0x4f5 ./system/src/newlib/_sbrk.o
                               0x72bc (size before relaxing)
 .debug_str     0x000719f9      0x2c6 ./system/src/newlib/_startup.o
                               0x6a5d (size before relaxing)
 .debug_str     0x00071cbf      0xe8b ./system/src/newlib/_syscalls.o
                               0x8197 (size before relaxing)
 .debug_str     0x00072b4a       0xd0 ./system/src/newlib/assert.o
                               0x8a0f (size before relaxing)
 .debug_str     0x00072c1a      0x176 ./system/src/diag/Trace.o
                               0x8682 (size before relaxing)
 .debug_str     0x00072d90      0x37b ./system/src/diag/trace_impl.o
                              0x709a8 (size before relaxing)
 .debug_str     0x0007310b       0x5e ./system/src/cortexm/_initialize_hardware.o
                              0x6f73a (size before relaxing)
 .debug_str     0x00073169      0x19d ./system/src/cortexm/exception_handlers.o
                              0x70b32 (size before relaxing)
 .debug_str     0x00073306       0x46 ./system/src/cmsis/system_stm32f4xx.o
                              0x6f81b (size before relaxing)
 .debug_str     0x0007334c       0x59 ./system/src/cmsis/vectors_stm32f401xc.o
                               0x389a (size before relaxing)
 .debug_str     0x000733a5      0x3fb ./src/Keypad_prg.o
                               0x31e4 (size before relaxing)
 .debug_str     0x000737a0      0x35f ./src/LCD.o
                               0x3414 (size before relaxing)
 .debug_str     0x00073aff      0x337 ./src/MEXTI_prg.o
                               0x322d (size before relaxing)
 .debug_str     0x00073e36      0x115 ./src/MGPIO_prg.o
                               0x33e3 (size before relaxing)
 .debug_str     0x00073f4b      0x2de ./src/MNVIC_prg.o
                               0x31e0 (size before relaxing)
 .debug_str     0x00074229      0x6d5 ./src/MRCC_prg.o
                               0x3678 (size before relaxing)
 .debug_str     0x000748fe      0x75b ./src/MUART_prg.o
                               0x3648 (size before relaxing)
 .debug_str     0x00075059      0x557 ./src/SPI_prg.o
                               0x36ab (size before relaxing)
 .debug_str     0x000755b0      0x1f9 ./src/STK_prg.o
                               0x3136 (size before relaxing)
 .debug_str     0x000757a9      0x1ac ./src/SYS_INIT.o
                               0x3ada (size before relaxing)
 .debug_str     0x00075955       0x76 ./src/Servo_motor.o
                               0x31c1 (size before relaxing)
 .debug_str     0x000759cb       0x31 ./src/_initialize_hardware.o
                              0x6f931 (size before relaxing)
 .debug_str     0x000759fc       0x80 ./src/main.o
                               0x918e (size before relaxing)
 .debug_str     0x00075a7c       0x3d ./src/stm32f4xx_hal_msp.o
                              0x6f682 (size before relaxing)

.debug_loc      0x00000000     0x2be5
 *(.debug_loc)
 .debug_loc     0x00000000       0x92 ./system/src/stm32f4-hal/stm32f4xx_hal.o
 .debug_loc     0x00000092      0x73b ./system/src/stm32f4-hal/stm32f4xx_hal_cortex.o
 .debug_loc     0x000007cd      0x50a ./system/src/stm32f4-hal/stm32f4xx_hal_rcc.o
 .debug_loc     0x00000cd7       0x85 ./system/src/newlib/_sbrk.o
 .debug_loc     0x00000d5c      0x2cb ./system/src/newlib/_startup.o
 .debug_loc     0x00001027       0x63 ./system/src/newlib/_syscalls.o
 .debug_loc     0x0000108a      0x134 ./system/src/newlib/assert.o
 .debug_loc     0x000011be       0xf6 ./system/src/diag/Trace.o
 .debug_loc     0x000012b4      0x121 ./system/src/diag/trace_impl.o
 .debug_loc     0x000013d5      0x291 ./system/src/cortexm/exception_handlers.o
 .debug_loc     0x00001666      0x13e ./system/src/cmsis/system_stm32f4xx.o
 .debug_loc     0x000017a4       0x69 ./src/Keypad_prg.o
 .debug_loc     0x0000180d      0x38a ./src/LCD.o
 .debug_loc     0x00001b97      0x150 ./src/MEXTI_prg.o
 .debug_loc     0x00001ce7      0x81f ./src/MGPIO_prg.o
 .debug_loc     0x00002506      0x2c8 ./src/MNVIC_prg.o
 .debug_loc     0x000027ce      0x1b0 ./src/MRCC_prg.o
 .debug_loc     0x0000297e      0x126 ./src/MUART_prg.o
 .debug_loc     0x00002aa4       0x21 ./src/SPI_prg.o
 .debug_loc     0x00002ac5       0x47 ./src/STK_prg.o
 .debug_loc     0x00002b0c       0x65 ./src/SYS_INIT.o
 .debug_loc     0x00002b71       0x74 ./src/Servo_motor.o

.debug_macinfo
 *(.debug_macinfo)

.debug_weaknames
 *(.debug_weaknames)

.debug_funcnames
 *(.debug_funcnames)

.debug_typenames
 *(.debug_typenames)

.debug_varnames
 *(.debug_varnames)
OUTPUT(graduation_project.elf elf32-littlearm)

.debug_ranges   0x00000000      0x7d8
 .debug_ranges  0x00000000       0xb0 ./system/src/stm32f4-hal/stm32f4xx_hal.o
 .debug_ranges  0x000000b0       0xe8 ./system/src/stm32f4-hal/stm32f4xx_hal_cortex.o
 .debug_ranges  0x00000198       0x78 ./system/src/stm32f4-hal/stm32f4xx_hal_rcc.o
 .debug_ranges  0x00000210       0x18 ./system/src/newlib/_exit.o
 .debug_ranges  0x00000228       0x10 ./system/src/newlib/_sbrk.o
 .debug_ranges  0x00000238       0x90 ./system/src/newlib/_startup.o
 .debug_ranges  0x000002c8       0x20 ./system/src/newlib/_syscalls.o
 .debug_ranges  0x000002e8       0x18 ./system/src/newlib/assert.o
 .debug_ranges  0x00000300       0x28 ./system/src/diag/Trace.o
 .debug_ranges  0x00000328       0x50 ./system/src/diag/trace_impl.o
 .debug_ranges  0x00000378       0x18 ./system/src/cortexm/_initialize_hardware.o
 .debug_ranges  0x00000390       0x80 ./system/src/cortexm/exception_handlers.o
 .debug_ranges  0x00000410       0x18 ./system/src/cmsis/system_stm32f4xx.o
 .debug_ranges  0x00000428       0x10 ./system/src/cmsis/vectors_stm32f401xc.o
 .debug_ranges  0x00000438       0x18 ./src/Keypad_prg.o
 .debug_ranges  0x00000450       0x80 ./src/LCD.o
 .debug_ranges  0x000004d0       0x50 ./src/MEXTI_prg.o
 .debug_ranges  0x00000520       0x58 ./src/MGPIO_prg.o
 .debug_ranges  0x00000578       0x40 ./src/MNVIC_prg.o
 .debug_ranges  0x000005b8       0x20 ./src/MRCC_prg.o
 .debug_ranges  0x000005d8       0x88 ./src/MUART_prg.o
 .debug_ranges  0x00000660       0x28 ./src/SPI_prg.o
 .debug_ranges  0x00000688       0x58 ./src/STK_prg.o
 .debug_ranges  0x000006e0       0x60 ./src/SYS_INIT.o
 .debug_ranges  0x00000740       0x28 ./src/Servo_motor.o
 .debug_ranges  0x00000768       0x18 ./src/_initialize_hardware.o
 .debug_ranges  0x00000780       0x30 ./src/main.o
 .debug_ranges  0x000007b0       0x28 ./src/stm32f4xx_hal_msp.o

.debug_macro    0x00000000    0x15dc9
 .debug_macro   0x00000000      0x532 ./system/src/stm32f4-hal/stm32f4xx_hal.o
 .debug_macro   0x00000532      0xa6c ./system/src/stm32f4-hal/stm32f4xx_hal.o
 .debug_macro   0x00000f9e      0x289 ./system/src/stm32f4-hal/stm32f4xx_hal.o
 .debug_macro   0x00001227       0x31 ./system/src/stm32f4-hal/stm32f4xx_hal.o
 .debug_macro   0x00001258       0x28 ./system/src/stm32f4-hal/stm32f4xx_hal.o
 .debug_macro   0x00001280      0x34e ./system/src/stm32f4-hal/stm32f4xx_hal.o
 .debug_macro   0x000015ce       0x35 ./system/src/stm32f4-hal/stm32f4xx_hal.o
 .debug_macro   0x00001603       0x50 ./system/src/stm32f4-hal/stm32f4xx_hal.o
 .debug_macro   0x00001653      0xe66 ./system/src/stm32f4-hal/stm32f4xx_hal.o
 .debug_macro   0x000024b9     0x5099 ./system/src/stm32f4-hal/stm32f4xx_hal.o
 .debug_macro   0x00007552       0x43 ./system/src/stm32f4-hal/stm32f4xx_hal.o
 .debug_macro   0x00007595     0x347f ./system/src/stm32f4-hal/stm32f4xx_hal.o
 .debug_macro   0x0000aa14       0x22 ./system/src/stm32f4-hal/stm32f4xx_hal.o
 .debug_macro   0x0000aa36       0x52 ./system/src/stm32f4-hal/stm32f4xx_hal.o
 .debug_macro   0x0000aa88       0x17 ./system/src/stm32f4-hal/stm32f4xx_hal.o
 .debug_macro   0x0000aa9f       0x8d ./system/src/stm32f4-hal/stm32f4xx_hal.o
 .debug_macro   0x0000ab2c       0x35 ./system/src/stm32f4-hal/stm32f4xx_hal.o
 .debug_macro   0x0000ab61       0x9c ./system/src/stm32f4-hal/stm32f4xx_hal.o
 .debug_macro   0x0000abfd       0x16 ./system/src/stm32f4-hal/stm32f4xx_hal.o
 .debug_macro   0x0000ac13       0x57 ./system/src/stm32f4-hal/stm32f4xx_hal.o
 .debug_macro   0x0000ac6a       0x97 ./system/src/stm32f4-hal/stm32f4xx_hal.o
 .debug_macro   0x0000ad01      0x330 ./system/src/stm32f4-hal/stm32f4xx_hal.o
 .debug_macro   0x0000b031       0xfd ./system/src/stm32f4-hal/stm32f4xx_hal.o
 .debug_macro   0x0000b12e       0x10 ./system/src/stm32f4-hal/stm32f4xx_hal.o
 .debug_macro   0x0000b13e       0x58 ./system/src/stm32f4-hal/stm32f4xx_hal.o
 .debug_macro   0x0000b196       0x1f ./system/src/stm32f4-hal/stm32f4xx_hal.o
 .debug_macro   0x0000b1b5       0x43 ./system/src/stm32f4-hal/stm32f4xx_hal.o
 .debug_macro   0x0000b1f8       0x20 ./system/src/stm32f4-hal/stm32f4xx_hal.o
 .debug_macro   0x0000b218      0x18e ./system/src/stm32f4-hal/stm32f4xx_hal.o
 .debug_macro   0x0000b3a6       0x10 ./system/src/stm32f4-hal/stm32f4xx_hal.o
 .debug_macro   0x0000b3b6       0x6a ./system/src/stm32f4-hal/stm32f4xx_hal.o
 .debug_macro   0x0000b420       0x1c ./system/src/stm32f4-hal/stm32f4xx_hal.o
 .debug_macro   0x0000b43c       0x52 ./system/src/stm32f4-hal/stm32f4xx_hal.o
 .debug_macro   0x0000b48e       0x40 ./system/src/stm32f4-hal/stm32f4xx_hal.o
 .debug_macro   0x0000b4ce       0x10 ./system/src/stm32f4-hal/stm32f4xx_hal.o
 .debug_macro   0x0000b4de       0x40 ./system/src/stm32f4-hal/stm32f4xx_hal.o
 .debug_macro   0x0000b51e       0xd7 ./system/src/stm32f4-hal/stm32f4xx_hal.o
 .debug_macro   0x0000b5f5       0x1c ./system/src/stm32f4-hal/stm32f4xx_hal.o
 .debug_macro   0x0000b611       0x3d ./system/src/stm32f4-hal/stm32f4xx_hal.o
 .debug_macro   0x0000b64e       0x16 ./system/src/stm32f4-hal/stm32f4xx_hal.o
 .debug_macro   0x0000b664      0x16f ./system/src/stm32f4-hal/stm32f4xx_hal.o
 .debug_macro   0x0000b7d3       0x57 ./system/src/stm32f4-hal/stm32f4xx_hal.o
 .debug_macro   0x0000b82a      0x424 ./system/src/stm32f4-hal/stm32f4xx_hal.o
 .debug_macro   0x0000bc4e      0x9e1 ./system/src/stm32f4-hal/stm32f4xx_hal.o
 .debug_macro   0x0000c62f      0x11e ./system/src/stm32f4-hal/stm32f4xx_hal.o
 .debug_macro   0x0000c74d       0xf8 ./system/src/stm32f4-hal/stm32f4xx_hal.o
 .debug_macro   0x0000c845       0x27 ./system/src/stm32f4-hal/stm32f4xx_hal.o
 .debug_macro   0x0000c86c      0x287 ./system/src/stm32f4-hal/stm32f4xx_hal.o
 .debug_macro   0x0000caf3       0x5f ./system/src/stm32f4-hal/stm32f4xx_hal.o
 .debug_macro   0x0000cb52      0x23a ./system/src/stm32f4-hal/stm32f4xx_hal.o
 .debug_macro   0x0000cd8c      0x391 ./system/src/stm32f4-hal/stm32f4xx_hal.o
 .debug_macro   0x0000d11d      0x16f ./system/src/stm32f4-hal/stm32f4xx_hal.o
 .debug_macro   0x0000d28c       0xf9 ./system/src/stm32f4-hal/stm32f4xx_hal.o
 .debug_macro   0x0000d385       0x23 ./system/src/stm32f4-hal/stm32f4xx_hal.o
 .debug_macro   0x0000d3a8      0x13a ./system/src/stm32f4-hal/stm32f4xx_hal.o
 .debug_macro   0x0000d4e2      0x23a ./system/src/stm32f4-hal/stm32f4xx_hal.o
 .debug_macro   0x0000d71c       0x2e ./system/src/stm32f4-hal/stm32f4xx_hal.o
 .debug_macro   0x0000d74a      0x1a7 ./system/src/stm32f4-hal/stm32f4xx_hal.o
 .debug_macro   0x0000d8f1       0x22 ./system/src/stm32f4-hal/stm32f4xx_hal.o
 .debug_macro   0x0000d913       0xa5 ./system/src/stm32f4-hal/stm32f4xx_hal.o
 .debug_macro   0x0000d9b8      0x18b ./system/src/stm32f4-hal/stm32f4xx_hal.o
 .debug_macro   0x0000db43       0x24 ./system/src/stm32f4-hal/stm32f4xx_hal.o
 .debug_macro   0x0000db67       0x35 ./system/src/stm32f4-hal/stm32f4xx_hal.o
 .debug_macro   0x0000db9c       0x79 ./system/src/stm32f4-hal/stm32f4xx_hal.o
 .debug_macro   0x0000dc15      0x11e ./system/src/stm32f4-hal/stm32f4xx_hal.o
 .debug_macro   0x0000dd33       0x85 ./system/src/stm32f4-hal/stm32f4xx_hal.o
 .debug_macro   0x0000ddb8       0x89 ./system/src/stm32f4-hal/stm32f4xx_hal.o
 .debug_macro   0x0000de41      0x31a ./system/src/stm32f4-hal/stm32f4xx_hal.o
 .debug_macro   0x0000e15b      0x409 ./system/src/stm32f4-hal/stm32f4xx_hal.o
 .debug_macro   0x0000e564       0xe4 ./system/src/stm32f4-hal/stm32f4xx_hal.o
 .debug_macro   0x0000e648      0x48d ./system/src/stm32f4-hal/stm32f4xx_hal.o
 .debug_macro   0x0000ead5      0x22b ./system/src/stm32f4-hal/stm32f4xx_hal.o
 .debug_macro   0x0000ed00      0x202 ./system/src/stm32f4-hal/stm32f4xx_hal.o
 .debug_macro   0x0000ef02      0x6d9 ./system/src/stm32f4-hal/stm32f4xx_hal.o
 .debug_macro   0x0000f5db       0x5b ./system/src/stm32f4-hal/stm32f4xx_hal.o
 .debug_macro   0x0000f636      0x14d ./system/src/stm32f4-hal/stm32f4xx_hal.o
 .debug_macro   0x0000f783      0x287 ./system/src/stm32f4-hal/stm32f4xx_hal.o
 .debug_macro   0x0000fa0a      0x225 ./system/src/stm32f4-hal/stm32f4xx_hal.o
 .debug_macro   0x0000fc2f      0x1b5 ./system/src/stm32f4-hal/stm32f4xx_hal.o
 .debug_macro   0x0000fde4      0x2db ./system/src/stm32f4-hal/stm32f4xx_hal.o
 .debug_macro   0x000100bf       0x89 ./system/src/stm32f4-hal/stm32f4xx_hal.o
 .debug_macro   0x00010148      0x1df ./system/src/stm32f4-hal/stm32f4xx_hal.o
 .debug_macro   0x00010327      0x115 ./system/src/stm32f4-hal/stm32f4xx_hal.o
 .debug_macro   0x0001043c       0x6e ./system/src/stm32f4-hal/stm32f4xx_hal.o
 .debug_macro   0x000104aa      0x11e ./system/src/stm32f4-hal/stm32f4xx_hal.o
 .debug_macro   0x000105c8      0x4e4 ./system/src/stm32f4-hal/stm32f4xx_hal_cortex.o
 .debug_macro   0x00010aac      0x50e ./system/src/stm32f4-hal/stm32f4xx_hal_rcc.o
 .debug_macro   0x00010fba      0x1b4 ./system/src/newlib/_exit.o
 .debug_macro   0x0001116e      0x10e ./system/src/newlib/_exit.o
 .debug_macro   0x0001127c       0x8d ./system/src/newlib/_exit.o
 .debug_macro   0x00011309       0x35 ./system/src/newlib/_exit.o
 .debug_macro   0x0001133e      0x169 ./system/src/newlib/_sbrk.o
 .debug_macro   0x000114a7      0x174 ./system/src/newlib/_sbrk.o
 .debug_macro   0x0001161b       0x10 ./system/src/newlib/_sbrk.o
 .debug_macro   0x0001162b      0x23b ./system/src/newlib/_sbrk.o
 .debug_macro   0x00011866      0x173 ./system/src/newlib/_startup.o
 .debug_macro   0x000119d9      0xa72 ./system/src/newlib/_startup.o
 .debug_macro   0x0001244b      0x217 ./system/src/newlib/_syscalls.o
 .debug_macro   0x00012662       0x1c ./system/src/newlib/_syscalls.o
 .debug_macro   0x0001267e       0x10 ./system/src/newlib/_syscalls.o
 .debug_macro   0x0001268e       0x10 ./system/src/newlib/_syscalls.o
 .debug_macro   0x0001269e       0x10 ./system/src/newlib/_syscalls.o
 .debug_macro   0x000126ae       0x35 ./system/src/newlib/_syscalls.o
 .debug_macro   0x000126e3      0x122 ./system/src/newlib/_syscalls.o
 .debug_macro   0x00012805       0x88 ./system/src/newlib/_syscalls.o
 .debug_macro   0x0001288d       0x2b ./system/src/newlib/_syscalls.o
 .debug_macro   0x000128b8      0x118 ./system/src/newlib/_syscalls.o
 .debug_macro   0x000129d0      0x189 ./system/src/newlib/_syscalls.o
 .debug_macro   0x00012b59       0x16 ./system/src/newlib/_syscalls.o
 .debug_macro   0x00012b6f      0x1d0 ./system/src/newlib/assert.o
 .debug_macro   0x00012d3f       0x1c ./system/src/newlib/assert.o
 .debug_macro   0x00012d5b      0x1fb ./system/src/diag/Trace.o
 .debug_macro   0x00012f56       0x4c ./system/src/diag/Trace.o
 .debug_macro   0x00012fa2       0x16 ./system/src/diag/Trace.o
 .debug_macro   0x00012fb8      0x52a ./system/src/diag/trace_impl.o
 .debug_macro   0x000134e2       0x22 ./system/src/diag/trace_impl.o
 .debug_macro   0x00013504      0x4ee ./system/src/cortexm/_initialize_hardware.o
 .debug_macro   0x000139f2      0x557 ./system/src/cortexm/exception_handlers.o
 .debug_macro   0x00013f49       0x3b ./system/src/cortexm/exception_handlers.o
 .debug_macro   0x00013f84      0x4ea ./system/src/cmsis/system_stm32f4xx.o
 .debug_macro   0x0001446e       0x34 ./system/src/cmsis/vectors_stm32f401xc.o
 .debug_macro   0x000144a2       0x36 ./src/Keypad_prg.o
 .debug_macro   0x000144d8       0x28 ./src/Keypad_prg.o
 .debug_macro   0x00014500      0x136 ./src/Keypad_prg.o
 .debug_macro   0x00014636       0x5e ./src/Keypad_prg.o
 .debug_macro   0x00014694       0x5f ./src/LCD.o
 .debug_macro   0x000146f3       0x22 ./src/LCD.o
 .debug_macro   0x00014715       0x16 ./src/LCD.o
 .debug_macro   0x0001472b       0x40 ./src/LCD.o
 .debug_macro   0x0001476b       0x22 ./src/LCD.o
 .debug_macro   0x0001478d       0x48 ./src/MEXTI_prg.o
 .debug_macro   0x000147d5       0x28 ./src/MEXTI_prg.o
 .debug_macro   0x000147fd       0x3f ./src/MGPIO_prg.o
 .debug_macro   0x0001483c       0x3c ./src/MNVIC_prg.o
 .debug_macro   0x00014878       0x22 ./src/MNVIC_prg.o
 .debug_macro   0x0001489a       0x3e ./src/MRCC_prg.o
 .debug_macro   0x000148d8      0x11e ./src/MRCC_prg.o
 .debug_macro   0x000149f6      0x106 ./src/MRCC_prg.o
 .debug_macro   0x00014afc       0x22 ./src/MRCC_prg.o
 .debug_macro   0x00014b1e       0x3f ./src/MUART_prg.o
 .debug_macro   0x00014b5d      0x1d8 ./src/MUART_prg.o
 .debug_macro   0x00014d35       0x46 ./src/MUART_prg.o
 .debug_macro   0x00014d7b       0x47 ./src/SPI_prg.o
 .debug_macro   0x00014dc2       0x5e ./src/SPI_prg.o
 .debug_macro   0x00014e20      0x148 ./src/SPI_prg.o
 .debug_macro   0x00014f68       0x22 ./src/SPI_prg.o
 .debug_macro   0x00014f8a       0x3e ./src/STK_prg.o
 .debug_macro   0x00014fc8       0x2e ./src/STK_prg.o
 .debug_macro   0x00014ff6       0x16 ./src/STK_prg.o
 .debug_macro   0x0001500c       0xa9 ./src/SYS_INIT.o
 .debug_macro   0x000150b5       0x64 ./src/SYS_INIT.o
 .debug_macro   0x00015119       0x10 ./src/SYS_INIT.o
 .debug_macro   0x00015129       0x4b ./src/Servo_motor.o
 .debug_macro   0x00015174      0x4e4 ./src/_initialize_hardware.o
 .debug_macro   0x00015658      0x28d ./src/main.o
 .debug_macro   0x000158e5      0x4e4 ./src/stm32f4xx_hal_msp.o
